[2026-03-06T10:22:15.312+0000] {local_task_job_runner.py:120} INFO - ::group::Pre task execution logs
[2026-03-06T10:22:15.475+0000] {taskinstance.py:2076} INFO - Dependencies all met for dep_context=non-requeueable deps ti=<TaskInstance: ecommerce_iceberg_pipeline.bronze_ingest scheduled__2026-03-05T00:00:00+00:00 [queued]>
[2026-03-06T10:22:15.491+0000] {taskinstance.py:2076} INFO - Dependencies all met for dep_context=requeueable deps ti=<TaskInstance: ecommerce_iceberg_pipeline.bronze_ingest scheduled__2026-03-05T00:00:00+00:00 [queued]>
[2026-03-06T10:22:15.495+0000] {taskinstance.py:2306} INFO - Starting attempt 1 of 3
[2026-03-06T10:22:15.521+0000] {taskinstance.py:2330} INFO - Executing <Task(DockerOperator): bronze_ingest> on 2026-03-05 00:00:00+00:00
[2026-03-06T10:22:15.535+0000] {standard_task_runner.py:64} INFO - Started process 332 to run task
[2026-03-06T10:22:15.555+0000] {standard_task_runner.py:90} INFO - Running: ['***', 'tasks', 'run', 'ecommerce_iceberg_pipeline', 'bronze_ingest', 'scheduled__2026-03-05T00:00:00+00:00', '--job-id', '3', '--raw', '--subdir', 'DAGS_FOLDER/iceberg_dag.py', '--cfg-path', '/tmp/tmpozhup4c3']
[2026-03-06T10:22:15.570+0000] {standard_task_runner.py:91} INFO - Job 3: Subtask bronze_ingest
[2026-03-06T10:22:16.256+0000] {task_command.py:426} INFO - Running <TaskInstance: ecommerce_iceberg_pipeline.bronze_ingest scheduled__2026-03-05T00:00:00+00:00 [running]> on host 0b86c3ec65fe
[2026-03-06T10:22:17.135+0000] {taskinstance.py:2648} INFO - Exporting env vars: AIRFLOW_CTX_DAG_OWNER='data-engineering' AIRFLOW_CTX_DAG_ID='ecommerce_iceberg_pipeline' AIRFLOW_CTX_TASK_ID='bronze_ingest' AIRFLOW_CTX_EXECUTION_DATE='2026-03-05T00:00:00+00:00' AIRFLOW_CTX_TRY_NUMBER='1' AIRFLOW_CTX_DAG_RUN_ID='scheduled__2026-03-05T00:00:00+00:00'
[2026-03-06T10:22:17.137+0000] {taskinstance.py:430} INFO - ::endgroup::
[2026-03-06T10:22:17.407+0000] {docker.py:359} INFO - Starting docker container from image spark-iceberg:latest
[2026-03-06T10:22:27.534+0000] {docker.py:429} INFO - WARNING: Using incubator modules: jdk.incubator.vector
[2026-03-06T10:22:44.210+0000] {docker.py:429} INFO - :: loading settings :: url = jar:file:/opt/spark/jars/ivy-2.5.3.jar!/org/apache/ivy/core/settings/ivysettings.xml
[2026-03-06T10:22:44.473+0000] {docker.py:429} INFO - Ivy Default Cache set to: /opt/spark/.ivy2/cache
The jars for the packages stored in: /opt/spark/.ivy2/jars
[2026-03-06T10:22:44.496+0000] {docker.py:429} INFO - org.apache.iceberg#iceberg-spark-runtime-4.0_2.13 added as a dependency
[2026-03-06T10:22:44.499+0000] {docker.py:429} INFO - org.apache.iceberg#iceberg-gcp added as a dependency
com.google.api-client#google-api-client added as a dependency
com.google.http-client#google-http-client-gson added as a dependency
com.google.oauth-client#google-oauth-client added as a dependency
[2026-03-06T10:22:44.505+0000] {docker.py:429} INFO - :: resolving dependencies :: org.apache.spark#spark-submit-parent-5fed644c-9a15-4d26-b8d6-44756921d519;1.0
[2026-03-06T10:22:44.506+0000] {docker.py:429} INFO - confs: [default]
[2026-03-06T10:22:44.857+0000] {docker.py:429} INFO - found org.apache.iceberg#iceberg-spark-runtime-4.0_2.13;1.10.1 in central
[2026-03-06T10:22:44.922+0000] {docker.py:429} INFO - found org.apache.iceberg#iceberg-gcp;1.10.1 in central
[2026-03-06T10:22:45.024+0000] {docker.py:429} INFO - found org.apache.iceberg#iceberg-api;1.10.1 in central
[2026-03-06T10:22:45.140+0000] {docker.py:429} INFO - found org.slf4j#slf4j-api;2.0.17 in central
[2026-03-06T10:22:45.185+0000] {docker.py:429} INFO - found org.apache.iceberg#iceberg-bundled-guava;1.10.1 in central
[2026-03-06T10:22:45.223+0000] {docker.py:429} INFO - found org.apache.iceberg#iceberg-common;1.10.1 in central
[2026-03-06T10:22:45.312+0000] {docker.py:429} INFO - found org.apache.iceberg#iceberg-core;1.10.1 in central
[2026-03-06T10:22:45.416+0000] {docker.py:429} INFO - found org.apache.avro#avro;1.12.0 in central
[2026-03-06T10:22:45.501+0000] {docker.py:429} INFO - found com.fasterxml.jackson.core#jackson-core;2.19.2 in central
[2026-03-06T10:22:45.573+0000] {docker.py:429} INFO - found com.fasterxml.jackson.core#jackson-databind;2.19.2 in central
[2026-03-06T10:22:45.748+0000] {docker.py:429} INFO - found com.fasterxml.jackson.core#jackson-annotations;2.19.2 in central
[2026-03-06T10:22:46.523+0000] {docker.py:429} INFO - found org.apache.commons#commons-compress;1.26.2 in central
[2026-03-06T10:22:46.867+0000] {docker.py:429} INFO - found commons-codec#commons-codec;1.17.0 in central
[2026-03-06T10:22:46.303+0000] {docker.py:429} INFO - found commons-io#commons-io;2.16.1 in central
[2026-03-06T10:22:46.625+0000] {docker.py:429} INFO - found org.apache.commons#commons-lang3;3.15.0 in central
[2026-03-06T10:22:47.041+0000] {docker.py:429} INFO - found io.airlift#aircompressor;0.27 in central
[2026-03-06T10:22:47.526+0000] {docker.py:429} INFO - found org.apache.httpcomponents.client5#httpclient5;5.5 in central
[2026-03-06T10:22:47.819+0000] {docker.py:429} INFO - found org.apache.httpcomponents.core5#httpcore5;5.3.4 in central
[2026-03-06T10:22:48.172+0000] {docker.py:429} INFO - found org.apache.httpcomponents.core5#httpcore5-h2;5.3.4 in central
[2026-03-06T10:22:49.642+0000] {docker.py:429} INFO - found com.github.ben-manes.caffeine#caffeine;2.9.3 in central
[2026-03-06T10:22:51.016+0000] {docker.py:429} INFO - found org.checkerframework#checker-qual;3.19.0 in central
[2026-03-06T10:22:54.800+0000] {docker.py:429} INFO - found com.google.errorprone#error_prone_annotations;2.10.0 in central
[2026-03-06T10:22:55.595+0000] {docker.py:429} INFO - found org.roaringbitmap#RoaringBitmap;1.3.0 in central
[2026-03-06T10:22:56.032+0000] {docker.py:429} INFO - found com.google.api-client#google-api-client;2.2.0 in central
[2026-03-06T10:22:56.207+0000] {docker.py:429} INFO - found com.google.oauth-client#google-oauth-client;1.34.1 in central
[2026-03-06T10:22:56.355+0000] {docker.py:429} INFO - found com.google.http-client#google-http-client;1.42.3 in central
[2026-03-06T10:22:56.413+0000] {docker.py:429} INFO - found org.apache.httpcomponents#httpclient;4.5.14 in central
[2026-03-06T10:22:56.498+0000] {docker.py:429} INFO - found org.apache.httpcomponents#httpcore;4.4.16 in central
[2026-03-06T10:22:56.588+0000] {docker.py:429} INFO - found commons-logging#commons-logging;1.2 in central
[2026-03-06T10:22:56.650+0000] {docker.py:429} INFO - found com.google.code.findbugs#jsr305;3.0.2 in central
[2026-03-06T10:22:56.685+0000] {docker.py:429} INFO - found com.google.errorprone#error_prone_annotations;2.16 in central
[2026-03-06T10:22:56.741+0000] {docker.py:429} INFO - found com.google.guava#guava;31.1-jre in central
[2026-03-06T10:22:56.796+0000] {docker.py:429} INFO - found com.google.guava#failureaccess;1.0.1 in central
[2026-03-06T10:22:56.828+0000] {docker.py:429} INFO - found com.google.guava#listenablefuture;9999.0-empty-to-avoid-conflict-with-guava in central
[2026-03-06T10:22:56.934+0000] {docker.py:429} INFO - found com.google.j2objc#j2objc-annotations;1.3 in central
[2026-03-06T10:22:57.043+0000] {docker.py:429} INFO - found io.opencensus#opencensus-api;0.31.1 in central
[2026-03-06T10:22:57.142+0000] {docker.py:429} INFO - found io.grpc#grpc-context;1.27.2 in central
[2026-03-06T10:22:57.288+0000] {docker.py:429} INFO - found io.opencensus#opencensus-contrib-http-util;0.31.1 in central
[2026-03-06T10:22:57.767+0000] {docker.py:429} INFO - found com.google.http-client#google-http-client-gson;1.42.3 in central
[2026-03-06T10:22:57.945+0000] {docker.py:429} INFO - found com.google.code.gson#gson;2.10.1 in central
[2026-03-06T10:22:58.099+0000] {docker.py:429} INFO - found com.google.http-client#google-http-client-apache-v2;1.42.3 in central
[2026-03-06T10:22:59.145+0000] {docker.py:429} INFO - :: resolution report :: resolve 14046ms :: artifacts dl 593ms
[2026-03-06T10:22:59.149+0000] {docker.py:429} INFO - :: modules in use:
[2026-03-06T10:22:59.154+0000] {docker.py:429} INFO - com.fasterxml.jackson.core#jackson-annotations;2.19.2 from central in [default]
[2026-03-06T10:22:59.155+0000] {docker.py:429} INFO - com.fasterxml.jackson.core#jackson-core;2.19.2 from central in [default]
[2026-03-06T10:22:59.156+0000] {docker.py:429} INFO - com.fasterxml.jackson.core#jackson-databind;2.19.2 from central in [default]
[2026-03-06T10:22:59.165+0000] {docker.py:429} INFO - com.github.ben-manes.caffeine#caffeine;2.9.3 from central in [default]
	com.google.api-client#google-api-client;2.2.0 from central in [default]
[2026-03-06T10:22:59.166+0000] {docker.py:429} INFO - com.google.code.findbugs#jsr305;3.0.2 from central in [default]
[2026-03-06T10:22:59.167+0000] {docker.py:429} INFO - com.google.code.gson#gson;2.10.1 from central in [default]
[2026-03-06T10:22:59.168+0000] {docker.py:429} INFO - com.google.errorprone#error_prone_annotations;2.16 from central in [default]
[2026-03-06T10:22:59.169+0000] {docker.py:429} INFO - com.google.guava#failureaccess;1.0.1 from central in [default]
[2026-03-06T10:22:59.181+0000] {docker.py:429} INFO - com.google.guava#guava;31.1-jre from central in [default]
[2026-03-06T10:22:59.187+0000] {docker.py:429} INFO - com.google.guava#listenablefuture;9999.0-empty-to-avoid-conflict-with-guava from central in [default]
[2026-03-06T10:22:59.190+0000] {docker.py:429} INFO - com.google.http-client#google-http-client;1.42.3 from central in [default]
[2026-03-06T10:22:59.191+0000] {docker.py:429} INFO - com.google.http-client#google-http-client-apache-v2;1.42.3 from central in [default]
[2026-03-06T10:22:59.198+0000] {docker.py:429} INFO - com.google.http-client#google-http-client-gson;1.42.3 from central in [default]
[2026-03-06T10:22:59.206+0000] {docker.py:429} INFO - com.google.j2objc#j2objc-annotations;1.3 from central in [default]
	com.google.oauth-client#google-oauth-client;1.34.1 from central in [default]
[2026-03-06T10:22:59.209+0000] {docker.py:429} INFO - commons-codec#commons-codec;1.17.0 from central in [default]
[2026-03-06T10:22:59.226+0000] {docker.py:429} INFO - commons-io#commons-io;2.16.1 from central in [default]
[2026-03-06T10:22:59.228+0000] {docker.py:429} INFO - commons-logging#commons-logging;1.2 from central in [default]
[2026-03-06T10:22:59.232+0000] {docker.py:429} INFO - io.airlift#aircompressor;0.27 from central in [default]
[2026-03-06T10:22:59.238+0000] {docker.py:429} INFO - io.grpc#grpc-context;1.27.2 from central in [default]
[2026-03-06T10:22:59.241+0000] {docker.py:429} INFO - io.opencensus#opencensus-api;0.31.1 from central in [default]
[2026-03-06T10:22:59.247+0000] {docker.py:429} INFO - io.opencensus#opencensus-contrib-http-util;0.31.1 from central in [default]
[2026-03-06T10:22:59.252+0000] {docker.py:429} INFO - org.apache.avro#avro;1.12.0 from central in [default]
[2026-03-06T10:22:59.253+0000] {docker.py:429} INFO - org.apache.commons#commons-compress;1.26.2 from central in [default]
[2026-03-06T10:22:59.257+0000] {docker.py:429} INFO - org.apache.commons#commons-lang3;3.15.0 from central in [default]
[2026-03-06T10:22:59.259+0000] {docker.py:429} INFO - org.apache.httpcomponents#httpclient;4.5.14 from central in [default]
[2026-03-06T10:22:59.261+0000] {docker.py:429} INFO - org.apache.httpcomponents#httpcore;4.4.16 from central in [default]
[2026-03-06T10:22:59.270+0000] {docker.py:429} INFO - org.apache.httpcomponents.client5#httpclient5;5.5 from central in [default]
[2026-03-06T10:22:59.286+0000] {docker.py:429} INFO - org.apache.httpcomponents.core5#httpcore5;5.3.4 from central in [default]
[2026-03-06T10:22:59.288+0000] {docker.py:429} INFO - org.apache.httpcomponents.core5#httpcore5-h2;5.3.4 from central in [default]
[2026-03-06T10:22:59.291+0000] {docker.py:429} INFO - org.apache.iceberg#iceberg-api;1.10.1 from central in [default]
[2026-03-06T10:22:59.300+0000] {docker.py:429} INFO - org.apache.iceberg#iceberg-bundled-guava;1.10.1 from central in [default]
[2026-03-06T10:22:59.303+0000] {docker.py:429} INFO - org.apache.iceberg#iceberg-common;1.10.1 from central in [default]
[2026-03-06T10:22:59.319+0000] {docker.py:429} INFO - org.apache.iceberg#iceberg-core;1.10.1 from central in [default]
[2026-03-06T10:22:59.320+0000] {docker.py:429} INFO - org.apache.iceberg#iceberg-gcp;1.10.1 from central in [default]
[2026-03-06T10:22:59.324+0000] {docker.py:429} INFO - org.apache.iceberg#iceberg-spark-runtime-4.0_2.13;1.10.1 from central in [default]
[2026-03-06T10:22:59.326+0000] {docker.py:429} INFO - org.checkerframework#checker-qual;3.19.0 from central in [default]
[2026-03-06T10:22:59.329+0000] {docker.py:429} INFO - org.roaringbitmap#RoaringBitmap;1.3.0 from central in [default]
[2026-03-06T10:22:59.352+0000] {docker.py:429} INFO - org.slf4j#slf4j-api;2.0.17 from central in [default]
[2026-03-06T10:22:59.355+0000] {docker.py:429} INFO - :: evicted modules:
[2026-03-06T10:22:59.358+0000] {docker.py:429} INFO - org.slf4j#slf4j-api;2.0.13 by [org.slf4j#slf4j-api;2.0.17] in [default]
[2026-03-06T10:22:59.361+0000] {docker.py:429} INFO - org.slf4j#slf4j-api;1.7.36 by [org.slf4j#slf4j-api;2.0.17] in [default]
	com.google.errorprone#error_prone_annotations;2.10.0 by [com.google.errorprone#error_prone_annotations;2.16] in [default]
[2026-03-06T10:22:59.363+0000] {docker.py:429} INFO - commons-codec#commons-codec;1.15 by [commons-codec#commons-codec;1.17.0] in [default]
[2026-03-06T10:22:59.364+0000] {docker.py:429} INFO - org.checkerframework#checker-qual;3.12.0 by [org.checkerframework#checker-qual;3.19.0] in [default]
[2026-03-06T10:22:59.369+0000] {docker.py:429} INFO - com.google.http-client#google-http-client-gson;1.41.0 by [com.google.http-client#google-http-client-gson;1.42.3] in [default]
[2026-03-06T10:22:59.370+0000] {docker.py:429} INFO - ---------------------------------------------------------------------
	|                  |            modules            ||   artifacts   |
	|       conf       | number| search|dwnlded|evicted|| number|dwnlded|
	---------------------------------------------------------------------
[2026-03-06T10:22:59.378+0000] {docker.py:429} INFO - |      default     |   46  |   0   |   0   |   6   ||   40  |   0   |
	---------------------------------------------------------------------
[2026-03-06T10:22:59.594+0000] {docker.py:429} INFO - :: retrieving :: org.apache.spark#spark-submit-parent-5fed644c-9a15-4d26-b8d6-44756921d519
[2026-03-06T10:22:59.604+0000] {docker.py:429} INFO - confs: [default]
[2026-03-06T10:22:59.774+0000] {docker.py:429} INFO - 0 artifacts copied, 40 already retrieved (0kB/187ms)
[2026-03-06T10:23:01.789+0000] {docker.py:429} INFO - 26/03/06 10:23:01 WARN NativeCodeLoader: Unable to load native-hadoop library for your platform... using builtin-java classes where applicable
[2026-03-06T10:23:02.844+0000] {docker.py:429} INFO - Using Spark's default log4j profile: org/apache/spark/log4j2-defaults.properties
[2026-03-06T10:23:02.850+0000] {docker.py:429} INFO - Setting default log level to "
[2026-03-06T10:23:02.854+0000] {docker.py:429} INFO - WARN
[2026-03-06T10:23:02.855+0000] {docker.py:429} INFO - ".
[2026-03-06T10:23:02.857+0000] {docker.py:429} INFO - To adjust logging level use sc.setLogLevel(newLevel). For SparkR, use setLogLevel(newLevel).
[2026-03-06T10:23:52.390+0000] {docker.py:429} INFO - [Stage 0:>                                                          (0 + 0) / 4]
[2026-03-06T10:23:53.176+0000] {docker.py:429} INFO - [Stage 0:>                                                          (0 + 4) / 4]
[2026-03-06T10:24:19.748+0000] {docker.py:429} INFO - [Stage 2:>                                                          (0 + 1) / 1]
[2026-03-06T10:24:30.972+0000] {docker.py:429} INFO - 
[2026-03-06T10:24:38.165+0000] {docker.py:429} INFO - [Stage 3:>                                                          (0 + 4) / 4]
[2026-03-06T10:24:40.734+0000] {docker.py:429} INFO - [Stage 3:==============>                                            (1 + 3) / 4]
[2026-03-06T10:24:40.955+0000] {docker.py:429} INFO - [Stage 3:=============================>                             (2 + 2) / 4]
[2026-03-06T10:24:41.166+0000] {docker.py:429} INFO - [Stage 3:============================================>              (3 + 1) / 4]
[2026-03-06T10:24:44.645+0000] {docker.py:429} INFO - 
[2026-03-06T10:24:49.295+0000] {docker.py:429} INFO - Fetching data from https://jsonplaceholder.typicode.com/posts ...
Fetched 100 records.
Written 100 rows to local_catalog.ecommerce.bronze_orders
[2026-03-06 10:24:48.967636] Table: local_catalog.ecommerce.bronze_orders | Snapshot ID: 4383428393018882305 | Committed At: 2026-03-06 10:24:33.192000
Snapshot ID: 4383428393018882305
[2026-03-06T10:25:02.057+0000] {taskinstance.py:441} INFO - ::group::Post task execution logs
[2026-03-06T10:25:03.593+0000] {taskinstance.py:1206} INFO - Marking task as SUCCESS. dag_id=ecommerce_iceberg_pipeline, task_id=bronze_ingest, run_id=scheduled__2026-03-05T00:00:00+00:00, execution_date=20260305T000000, start_date=20260306T102215, end_date=20260306T102503
[2026-03-06T10:25:03.915+0000] {local_task_job_runner.py:243} INFO - Task exited with return code 0
[2026-03-06T10:25:04.825+0000] {taskinstance.py:3503} INFO - 0 downstream tasks scheduled from follow-on schedule check
[2026-03-06T10:25:04.835+0000] {local_task_job_runner.py:222} INFO - ::endgroup::
[2026-03-06T10:43:16.413+0000] {local_task_job_runner.py:120} INFO - ::group::Pre task execution logs
[2026-03-06T10:43:17.097+0000] {taskinstance.py:2076} INFO - Dependencies all met for dep_context=non-requeueable deps ti=<TaskInstance: ecommerce_iceberg_pipeline.bronze_ingest scheduled__2026-03-05T00:00:00+00:00 [queued]>
[2026-03-06T10:43:17.139+0000] {taskinstance.py:2076} INFO - Dependencies all met for dep_context=requeueable deps ti=<TaskInstance: ecommerce_iceberg_pipeline.bronze_ingest scheduled__2026-03-05T00:00:00+00:00 [queued]>
[2026-03-06T10:43:17.142+0000] {taskinstance.py:2306} INFO - Starting attempt 1 of 3
[2026-03-06T10:43:17.180+0000] {taskinstance.py:2330} INFO - Executing <Task(DockerOperator): bronze_ingest> on 2026-03-05 00:00:00+00:00
[2026-03-06T10:43:17.212+0000] {standard_task_runner.py:64} INFO - Started process 198 to run task
[2026-03-06T10:43:17.224+0000] {standard_task_runner.py:90} INFO - Running: ['***', 'tasks', 'run', 'ecommerce_iceberg_pipeline', 'bronze_ingest', 'scheduled__2026-03-05T00:00:00+00:00', '--job-id', '3', '--raw', '--subdir', 'DAGS_FOLDER/iceberg_dag.py', '--cfg-path', '/tmp/tmpy5snous5']
[2026-03-06T10:43:17.231+0000] {standard_task_runner.py:91} INFO - Job 3: Subtask bronze_ingest
[2026-03-06T10:43:17.369+0000] {task_command.py:426} INFO - Running <TaskInstance: ecommerce_iceberg_pipeline.bronze_ingest scheduled__2026-03-05T00:00:00+00:00 [running]> on host 7afefc26c634
[2026-03-06T10:43:17.585+0000] {taskinstance.py:2648} INFO - Exporting env vars: AIRFLOW_CTX_DAG_OWNER='data-engineering' AIRFLOW_CTX_DAG_ID='ecommerce_iceberg_pipeline' AIRFLOW_CTX_TASK_ID='bronze_ingest' AIRFLOW_CTX_EXECUTION_DATE='2026-03-05T00:00:00+00:00' AIRFLOW_CTX_TRY_NUMBER='1' AIRFLOW_CTX_DAG_RUN_ID='scheduled__2026-03-05T00:00:00+00:00'
[2026-03-06T10:43:17.589+0000] {taskinstance.py:430} INFO - ::endgroup::
[2026-03-06T10:43:17.773+0000] {docker.py:359} INFO - Starting docker container from image spark-iceberg:latest
[2026-03-06T10:43:27.491+0000] {docker.py:429} INFO - WARNING: Using incubator modules: jdk.incubator.vector
[2026-03-06T10:43:33.405+0000] {docker.py:429} INFO - :: loading settings :: url = jar:file:/opt/spark/jars/ivy-2.5.3.jar!/org/apache/ivy/core/settings/ivysettings.xml
[2026-03-06T10:43:33.649+0000] {docker.py:429} INFO - Ivy Default Cache set to: /opt/spark/.ivy2/cache
[2026-03-06T10:43:33.655+0000] {docker.py:429} INFO - The jars for the packages stored in: /opt/spark/.ivy2/jars
[2026-03-06T10:43:33.664+0000] {docker.py:429} INFO - org.apache.iceberg#iceberg-spark-runtime-4.0_2.13 added as a dependency
[2026-03-06T10:43:33.665+0000] {docker.py:429} INFO - org.apache.iceberg#iceberg-gcp added as a dependency
[2026-03-06T10:43:33.667+0000] {docker.py:429} INFO - com.google.api-client#google-api-client added as a dependency
com.google.http-client#google-http-client-gson added as a dependency
com.google.oauth-client#google-oauth-client added as a dependency
[2026-03-06T10:43:33.679+0000] {docker.py:429} INFO - :: resolving dependencies :: org.apache.spark#spark-submit-parent-482e8774-71d3-4ce8-9fde-a527d172f226;1.0
	confs: [default]
[2026-03-06T10:43:33.135+0000] {docker.py:429} INFO - found org.apache.iceberg#iceberg-spark-runtime-4.0_2.13;1.10.1 in central
[2026-03-06T10:43:33.215+0000] {docker.py:429} INFO - found org.apache.iceberg#iceberg-gcp;1.10.1 in central
[2026-03-06T10:43:33.288+0000] {docker.py:429} INFO - found org.apache.iceberg#iceberg-api;1.10.1 in central
[2026-03-06T10:43:33.392+0000] {docker.py:429} INFO - found org.slf4j#slf4j-api;2.0.17 in central
[2026-03-06T10:43:33.456+0000] {docker.py:429} INFO - found org.apache.iceberg#iceberg-bundled-guava;1.10.1 in central
[2026-03-06T10:43:33.551+0000] {docker.py:429} INFO - found org.apache.iceberg#iceberg-common;1.10.1 in central
[2026-03-06T10:43:33.658+0000] {docker.py:429} INFO - found org.apache.iceberg#iceberg-core;1.10.1 in central
[2026-03-06T10:43:34.154+0000] {docker.py:429} INFO - found org.apache.avro#avro;1.12.0 in central
[2026-03-06T10:43:34.513+0000] {docker.py:429} INFO - found com.fasterxml.jackson.core#jackson-core;2.19.2 in central
[2026-03-06T10:43:34.800+0000] {docker.py:429} INFO - found com.fasterxml.jackson.core#jackson-databind;2.19.2 in central
[2026-03-06T10:43:35.089+0000] {docker.py:429} INFO - found com.fasterxml.jackson.core#jackson-annotations;2.19.2 in central
[2026-03-06T10:43:35.257+0000] {docker.py:429} INFO - found org.apache.commons#commons-compress;1.26.2 in central
[2026-03-06T10:43:35.355+0000] {docker.py:429} INFO - found commons-codec#commons-codec;1.17.0 in central
[2026-03-06T10:43:35.479+0000] {docker.py:429} INFO - found commons-io#commons-io;2.16.1 in central
[2026-03-06T10:43:35.676+0000] {docker.py:429} INFO - found org.apache.commons#commons-lang3;3.15.0 in central
[2026-03-06T10:43:36.001+0000] {docker.py:429} INFO - found io.airlift#aircompressor;0.27 in central
[2026-03-06T10:43:36.195+0000] {docker.py:429} INFO - found org.apache.httpcomponents.client5#httpclient5;5.5 in central
[2026-03-06T10:43:36.481+0000] {docker.py:429} INFO - found org.apache.httpcomponents.core5#httpcore5;5.3.4 in central
[2026-03-06T10:43:36.741+0000] {docker.py:429} INFO - found org.apache.httpcomponents.core5#httpcore5-h2;5.3.4 in central
[2026-03-06T10:43:36.885+0000] {docker.py:429} INFO - found com.github.ben-manes.caffeine#caffeine;2.9.3 in central
[2026-03-06T10:43:36.918+0000] {docker.py:429} INFO - found org.checkerframework#checker-qual;3.19.0 in central
[2026-03-06T10:43:36.975+0000] {docker.py:429} INFO - found com.google.errorprone#error_prone_annotations;2.10.0 in central
[2026-03-06T10:43:37.146+0000] {docker.py:429} INFO - found org.roaringbitmap#RoaringBitmap;1.3.0 in central
[2026-03-06T10:43:37.296+0000] {docker.py:429} INFO - found com.google.api-client#google-api-client;2.2.0 in central
[2026-03-06T10:43:37.727+0000] {docker.py:429} INFO - found com.google.oauth-client#google-oauth-client;1.34.1 in central
[2026-03-06T10:43:37.976+0000] {docker.py:429} INFO - found com.google.http-client#google-http-client;1.42.3 in central
[2026-03-06T10:43:38.144+0000] {docker.py:429} INFO - found org.apache.httpcomponents#httpclient;4.5.14 in central
[2026-03-06T10:43:38.218+0000] {docker.py:429} INFO - found org.apache.httpcomponents#httpcore;4.4.16 in central
[2026-03-06T10:43:38.344+0000] {docker.py:429} INFO - found commons-logging#commons-logging;1.2 in central
[2026-03-06T10:43:38.408+0000] {docker.py:429} INFO - found com.google.code.findbugs#jsr305;3.0.2 in central
[2026-03-06T10:43:38.428+0000] {docker.py:429} INFO - found com.google.errorprone#error_prone_annotations;2.16 in central
[2026-03-06T10:43:38.664+0000] {docker.py:429} INFO - found com.google.guava#guava;31.1-jre in central
[2026-03-06T10:43:38.740+0000] {docker.py:429} INFO - found com.google.guava#failureaccess;1.0.1 in central
[2026-03-06T10:43:38.819+0000] {docker.py:429} INFO - found com.google.guava#listenablefuture;9999.0-empty-to-avoid-conflict-with-guava in central
[2026-03-06T10:43:39.008+0000] {docker.py:429} INFO - found com.google.j2objc#j2objc-annotations;1.3 in central
[2026-03-06T10:43:39.134+0000] {docker.py:429} INFO - found io.opencensus#opencensus-api;0.31.1 in central
[2026-03-06T10:43:39.288+0000] {docker.py:429} INFO - found io.grpc#grpc-context;1.27.2 in central
[2026-03-06T10:43:39.478+0000] {docker.py:429} INFO - found io.opencensus#opencensus-contrib-http-util;0.31.1 in central
[2026-03-06T10:43:39.668+0000] {docker.py:429} INFO - found com.google.http-client#google-http-client-gson;1.42.3 in central
[2026-03-06T10:43:40.149+0000] {docker.py:429} INFO - found com.google.code.gson#gson;2.10.1 in central
[2026-03-06T10:43:40.337+0000] {docker.py:429} INFO - found com.google.http-client#google-http-client-apache-v2;1.42.3 in central
[2026-03-06T10:43:41.458+0000] {docker.py:429} INFO - :: resolution report :: resolve 6904ms :: artifacts dl 879ms
[2026-03-06T10:43:41.459+0000] {docker.py:429} INFO - :: modules in use:
[2026-03-06T10:43:41.461+0000] {docker.py:429} INFO - com.fasterxml.jackson.core#jackson-annotations;2.19.2 from central in [default]
[2026-03-06T10:43:41.463+0000] {docker.py:429} INFO - com.fasterxml.jackson.core#jackson-core;2.19.2 from central in [default]
[2026-03-06T10:43:41.466+0000] {docker.py:429} INFO - com.fasterxml.jackson.core#jackson-databind;2.19.2 from central in [default]
[2026-03-06T10:43:41.472+0000] {docker.py:429} INFO - com.github.ben-manes.caffeine#caffeine;2.9.3 from central in [default]
[2026-03-06T10:43:41.473+0000] {docker.py:429} INFO - com.google.api-client#google-api-client;2.2.0 from central in [default]
[2026-03-06T10:43:41.476+0000] {docker.py:429} INFO - com.google.code.findbugs#jsr305;3.0.2 from central in [default]
[2026-03-06T10:43:41.488+0000] {docker.py:429} INFO - com.google.code.gson#gson;2.10.1 from central in [default]
[2026-03-06T10:43:41.490+0000] {docker.py:429} INFO - com.google.errorprone#error_prone_annotations;2.16 from central in [default]
[2026-03-06T10:43:41.496+0000] {docker.py:429} INFO - com.google.guava#failureaccess;1.0.1 from central in [default]
[2026-03-06T10:43:41.497+0000] {docker.py:429} INFO - com.google.guava#guava;31.1-jre from central in [default]
[2026-03-06T10:43:41.498+0000] {docker.py:429} INFO - com.google.guava#listenablefuture;9999.0-empty-to-avoid-conflict-with-guava from central in [default]
[2026-03-06T10:43:41.499+0000] {docker.py:429} INFO - com.google.http-client#google-http-client;1.42.3 from central in [default]
[2026-03-06T10:43:41.501+0000] {docker.py:429} INFO - com.google.http-client#google-http-client-apache-v2;1.42.3 from central in [default]
[2026-03-06T10:43:41.502+0000] {docker.py:429} INFO - com.google.http-client#google-http-client-gson;1.42.3 from central in [default]
[2026-03-06T10:43:41.505+0000] {docker.py:429} INFO - com.google.j2objc#j2objc-annotations;1.3 from central in [default]
[2026-03-06T10:43:41.506+0000] {docker.py:429} INFO - com.google.oauth-client#google-oauth-client;1.34.1 from central in [default]
	commons-codec#commons-codec;1.17.0 from central in [default]
	commons-io#commons-io;2.16.1 from central in [default]
	commons-logging#commons-logging;1.2 from central in [default]
	io.airlift#aircompressor;0.27 from central in [default]
	io.grpc#grpc-context;1.27.2 from central in [default]
	io.opencensus#opencensus-api;0.31.1 from central in [default]
	io.opencensus#opencensus-contrib-http-util;0.31.1 from central in [default]
	org.apache.avro#avro;1.12.0 from central in [default]
	org.apache.commons#commons-compress;1.26.2 from central in [default]
	org.apache.commons#commons-lang3;3.15.0 from central in [default]
	org.apache.httpcomponents#httpclient;4.5.14 from central in [default]
	org.apache.httpcomponents#httpcore;4.4.16 from central in [default]
	org.apache.httpcomponents.client5#httpclient5;5.5 from central in [default]
	org.apache.httpcomponents.core5#httpcore5;5.3.4 from central in [default]
	org.apache.httpcomponents.core5#httpcore5-h2;5.3.4 from central in [default]
	org.apache.iceberg#iceberg-api;1.10.1 from central in [default]
	org.apache.iceberg#iceberg-bundled-guava;1.10.1 from central in [default]
	org.apache.iceberg#iceberg-common;1.10.1 from central in [default]
	org.apache.iceberg#iceberg-core;1.10.1 from central in [default]
	org.apache.iceberg#iceberg-gcp;1.10.1 from central in [default]
	org.apache.iceberg#iceberg-spark-runtime-4.0_2.13;1.10.1 from central in [default]
	org.checkerframework#checker-qual;3.19.0 from central in [default]
	org.roaringbitmap#RoaringBitmap;1.3.0 from central in [default]
	org.slf4j#slf4j-api;2.0.17 from central in [default]
	:: evicted modules:
	org.slf4j#slf4j-api;2.0.13 by [org.slf4j#slf4j-api;2.0.17] in [default]
	org.slf4j#slf4j-api;1.7.36 by [org.slf4j#slf4j-api;2.0.17] in [default]
	com.google.errorprone#error_prone_annotations;2.10.0 by [com.google.errorprone#error_prone_annotations;2.16] in [default]
	commons-codec#commons-codec;1.15 by [commons-codec#commons-codec;1.17.0] in [default]
	org.checkerframework#checker-qual;3.12.0 by [org.checkerframework#checker-qual;3.19.0] in [default]
	com.google.http-client#google-http-client-gson;1.41.0 by [com.google.http-client#google-http-client-gson;1.42.3] in [default]
	---------------------------------------------------------------------
	|                  |            modules            ||   artifacts   |
	|       conf       | number| search|dwnlded|evicted|| number|dwnlded|
	---------------------------------------------------------------------
	|      default     |   46  |   0   |   0   |   6   ||   40  |   0   |
	---------------------------------------------------------------------
[2026-03-06T10:43:41.584+0000] {docker.py:429} INFO - :: retrieving :: org.apache.spark#spark-submit-parent-482e8774-71d3-4ce8-9fde-a527d172f226
[2026-03-06T10:43:41.599+0000] {docker.py:429} INFO - confs: [default]
[2026-03-06T10:43:41.894+0000] {docker.py:429} INFO - 0 artifacts copied, 40 already retrieved (0kB/298ms)
[2026-03-06T10:43:43.474+0000] {docker.py:429} INFO - 26/03/06 10:43:43 WARN NativeCodeLoader: Unable to load native-hadoop library for your platform... using builtin-java classes where applicable
[2026-03-06T10:43:45.976+0000] {docker.py:429} INFO - Using Spark's default log4j profile: org/apache/spark/log4j2-defaults.properties
Setting default log level to "WARN".
To adjust logging level use sc.setLogLevel(newLevel). For SparkR, use setLogLevel(newLevel).
[2026-03-06T10:44:30.840+0000] {docker.py:429} INFO - [Stage 0:>                                                          (0 + 0) / 4]
[2026-03-06T10:44:31.612+0000] {docker.py:429} INFO - [Stage 0:>                                                          (0 + 4) / 4]
[2026-03-06T10:44:40.401+0000] {docker.py:429} INFO - [Stage 2:>                                                          (0 + 1) / 1]
[2026-03-06T10:44:43.638+0000] {docker.py:429} INFO - 
[2026-03-06T10:44:46.860+0000] {docker.py:429} INFO - [Stage 3:>                                                          (0 + 4) / 4]
[2026-03-06T10:44:48.592+0000] {docker.py:429} INFO - [Stage 3:==============>                                            (1 + 3) / 4]
[2026-03-06T10:44:48.968+0000] {docker.py:429} INFO - [Stage 3:============================================>              (3 + 1) / 4]
[2026-03-06T10:44:49.440+0000] {docker.py:429} INFO - 
[2026-03-06T10:44:51.476+0000] {docker.py:429} INFO - [Stage 6:>                                                          (0 + 1) / 1]
[2026-03-06T10:44:51.821+0000] {docker.py:429} INFO - 
[2026-03-06T10:44:51.941+0000] {docker.py:429} INFO - Fetching data from https://jsonplaceholder.typicode.com/posts ...
Fetched 100 records.
Written 100 rows to local_catalog.ecommerce.bronze_orders
[2026-03-06 10:44:51.897166] Table: local_catalog.ecommerce.bronze_orders | Snapshot ID: 4455572276815528194 | Committed At: 2026-03-06 10:44:45.388000
Snapshot ID: 4455572276815528194
[2026-03-06T10:44:55.068+0000] {taskinstance.py:441} INFO - ::group::Post task execution logs
[2026-03-06T10:44:57.516+0000] {taskinstance.py:1206} INFO - Marking task as SUCCESS. dag_id=ecommerce_iceberg_pipeline, task_id=bronze_ingest, run_id=scheduled__2026-03-05T00:00:00+00:00, execution_date=20260305T000000, start_date=20260306T104317, end_date=20260306T104457
[2026-03-06T10:44:59.380+0000] {local_task_job_runner.py:243} INFO - Task exited with return code 0
[2026-03-06T10:45:01.430+0000] {taskinstance.py:3503} INFO - 0 downstream tasks scheduled from follow-on schedule check
[2026-03-06T10:45:01.443+0000] {local_task_job_runner.py:222} INFO - ::endgroup::
