[2026-03-06T10:43:16.433+0000] {local_task_job_runner.py:120} INFO - ::group::Pre task execution logs
[2026-03-06T10:43:17.096+0000] {taskinstance.py:2076} INFO - Dependencies all met for dep_context=non-requeueable deps ti=<TaskInstance: ecommerce_iceberg_pipeline.bronze_ingest manual__2026-03-06T10:43:07.272632+00:00 [queued]>
[2026-03-06T10:43:17.121+0000] {taskinstance.py:2076} INFO - Dependencies all met for dep_context=requeueable deps ti=<TaskInstance: ecommerce_iceberg_pipeline.bronze_ingest manual__2026-03-06T10:43:07.272632+00:00 [queued]>
[2026-03-06T10:43:17.133+0000] {taskinstance.py:2306} INFO - Starting attempt 1 of 3
[2026-03-06T10:43:17.170+0000] {taskinstance.py:2330} INFO - Executing <Task(DockerOperator): bronze_ingest> on 2026-03-06 10:43:07.272632+00:00
[2026-03-06T10:43:17.195+0000] {standard_task_runner.py:64} INFO - Started process 197 to run task
[2026-03-06T10:43:17.200+0000] {standard_task_runner.py:90} INFO - Running: ['***', 'tasks', 'run', 'ecommerce_iceberg_pipeline', 'bronze_ingest', 'manual__2026-03-06T10:43:07.272632+00:00', '--job-id', '2', '--raw', '--subdir', 'DAGS_FOLDER/iceberg_dag.py', '--cfg-path', '/tmp/tmp1i3tim1u']
[2026-03-06T10:43:17.207+0000] {standard_task_runner.py:91} INFO - Job 2: Subtask bronze_ingest
[2026-03-06T10:43:17.371+0000] {task_command.py:426} INFO - Running <TaskInstance: ecommerce_iceberg_pipeline.bronze_ingest manual__2026-03-06T10:43:07.272632+00:00 [running]> on host 7afefc26c634
[2026-03-06T10:43:17.601+0000] {taskinstance.py:2648} INFO - Exporting env vars: AIRFLOW_CTX_DAG_OWNER='data-engineering' AIRFLOW_CTX_DAG_ID='ecommerce_iceberg_pipeline' AIRFLOW_CTX_TASK_ID='bronze_ingest' AIRFLOW_CTX_EXECUTION_DATE='2026-03-06T10:43:07.272632+00:00' AIRFLOW_CTX_TRY_NUMBER='1' AIRFLOW_CTX_DAG_RUN_ID='manual__2026-03-06T10:43:07.272632+00:00'
[2026-03-06T10:43:17.603+0000] {taskinstance.py:430} INFO - ::endgroup::
[2026-03-06T10:43:17.768+0000] {docker.py:359} INFO - Starting docker container from image spark-iceberg:latest
[2026-03-06T10:43:27.490+0000] {docker.py:429} INFO - WARNING: Using incubator modules: jdk.incubator.vector
[2026-03-06T10:43:33.395+0000] {docker.py:429} INFO - :: loading settings :: url = jar:file:/opt/spark/jars/ivy-2.5.3.jar!/org/apache/ivy/core/settings/ivysettings.xml
[2026-03-06T10:43:33.706+0000] {docker.py:429} INFO - Ivy Default Cache set to: /opt/spark/.ivy2/cache
[2026-03-06T10:43:33.710+0000] {docker.py:429} INFO - The jars for the packages stored in: /opt/spark/.ivy2/jars
[2026-03-06T10:43:33.734+0000] {docker.py:429} INFO - org.apache.iceberg#iceberg-spark-runtime-4.0_2.13 added as a dependency
org.apache.iceberg#iceberg-gcp added as a dependency
com.google.api-client#google-api-client added as a dependency
com.google.http-client#google-http-client-gson added as a dependency
com.google.oauth-client#google-oauth-client added as a dependency
[2026-03-06T10:43:33.752+0000] {docker.py:429} INFO - :: resolving dependencies :: org.apache.spark#spark-submit-parent-e8714134-3f16-46b2-aaea-8465052df9ba;1.0
[2026-03-06T10:43:33.764+0000] {docker.py:429} INFO - confs: [default]
[2026-03-06T10:43:33.144+0000] {docker.py:429} INFO - found org.apache.iceberg#iceberg-spark-runtime-4.0_2.13;1.10.1 in central
[2026-03-06T10:43:33.266+0000] {docker.py:429} INFO - found org.apache.iceberg#iceberg-gcp;1.10.1 in central
[2026-03-06T10:43:33.396+0000] {docker.py:429} INFO - found org.apache.iceberg#iceberg-api;1.10.1 in central
[2026-03-06T10:43:33.564+0000] {docker.py:429} INFO - found org.slf4j#slf4j-api;2.0.17 in central
[2026-03-06T10:43:33.674+0000] {docker.py:429} INFO - found org.apache.iceberg#iceberg-bundled-guava;1.10.1 in central
[2026-03-06T10:43:33.780+0000] {docker.py:429} INFO - found org.apache.iceberg#iceberg-common;1.10.1 in central
[2026-03-06T10:43:33.908+0000] {docker.py:429} INFO - found org.apache.iceberg#iceberg-core;1.10.1 in central
[2026-03-06T10:43:34.195+0000] {docker.py:429} INFO - found org.apache.avro#avro;1.12.0 in central
[2026-03-06T10:43:34.532+0000] {docker.py:429} INFO - found com.fasterxml.jackson.core#jackson-core;2.19.2 in central
[2026-03-06T10:43:34.848+0000] {docker.py:429} INFO - found com.fasterxml.jackson.core#jackson-databind;2.19.2 in central
[2026-03-06T10:43:35.000+0000] {docker.py:429} INFO - found com.fasterxml.jackson.core#jackson-annotations;2.19.2 in central
[2026-03-06T10:43:35.199+0000] {docker.py:429} INFO - found org.apache.commons#commons-compress;1.26.2 in central
[2026-03-06T10:43:35.324+0000] {docker.py:429} INFO - found commons-codec#commons-codec;1.17.0 in central
[2026-03-06T10:43:35.442+0000] {docker.py:429} INFO - found commons-io#commons-io;2.16.1 in central
[2026-03-06T10:43:35.589+0000] {docker.py:429} INFO - found org.apache.commons#commons-lang3;3.15.0 in central
[2026-03-06T10:43:35.728+0000] {docker.py:429} INFO - found io.airlift#aircompressor;0.27 in central
[2026-03-06T10:43:35.932+0000] {docker.py:429} INFO - found org.apache.httpcomponents.client5#httpclient5;5.5 in central
[2026-03-06T10:43:36.161+0000] {docker.py:429} INFO - found org.apache.httpcomponents.core5#httpcore5;5.3.4 in central
[2026-03-06T10:43:36.381+0000] {docker.py:429} INFO - found org.apache.httpcomponents.core5#httpcore5-h2;5.3.4 in central
[2026-03-06T10:43:36.712+0000] {docker.py:429} INFO - found com.github.ben-manes.caffeine#caffeine;2.9.3 in central
[2026-03-06T10:43:36.764+0000] {docker.py:429} INFO - found org.checkerframework#checker-qual;3.19.0 in central
[2026-03-06T10:43:36.861+0000] {docker.py:429} INFO - found com.google.errorprone#error_prone_annotations;2.10.0 in central
[2026-03-06T10:43:36.934+0000] {docker.py:429} INFO - found org.roaringbitmap#RoaringBitmap;1.3.0 in central
[2026-03-06T10:43:36.985+0000] {docker.py:429} INFO - found com.google.api-client#google-api-client;2.2.0 in central
[2026-03-06T10:43:37.164+0000] {docker.py:429} INFO - found com.google.oauth-client#google-oauth-client;1.34.1 in central
[2026-03-06T10:43:37.324+0000] {docker.py:429} INFO - found com.google.http-client#google-http-client;1.42.3 in central
[2026-03-06T10:43:37.730+0000] {docker.py:429} INFO - found org.apache.httpcomponents#httpclient;4.5.14 in central
[2026-03-06T10:43:38.048+0000] {docker.py:429} INFO - found org.apache.httpcomponents#httpcore;4.4.16 in central
[2026-03-06T10:43:38.171+0000] {docker.py:429} INFO - found commons-logging#commons-logging;1.2 in central
[2026-03-06T10:43:38.467+0000] {docker.py:429} INFO - found com.google.code.findbugs#jsr305;3.0.2 in central
[2026-03-06T10:43:38.520+0000] {docker.py:429} INFO - found com.google.errorprone#error_prone_annotations;2.16 in central
[2026-03-06T10:43:38.621+0000] {docker.py:429} INFO - found com.google.guava#guava;31.1-jre in central
[2026-03-06T10:43:38.731+0000] {docker.py:429} INFO - found com.google.guava#failureaccess;1.0.1 in central
[2026-03-06T10:43:38.801+0000] {docker.py:429} INFO - found com.google.guava#listenablefuture;9999.0-empty-to-avoid-conflict-with-guava in central
[2026-03-06T10:43:38.908+0000] {docker.py:429} INFO - found com.google.j2objc#j2objc-annotations;1.3 in central
[2026-03-06T10:43:39.041+0000] {docker.py:429} INFO - found io.opencensus#opencensus-api;0.31.1 in central
[2026-03-06T10:43:39.107+0000] {docker.py:429} INFO - found io.grpc#grpc-context;1.27.2 in central
[2026-03-06T10:43:39.447+0000] {docker.py:429} INFO - found io.opencensus#opencensus-contrib-http-util;0.31.1 in central
[2026-03-06T10:43:39.788+0000] {docker.py:429} INFO - found com.google.http-client#google-http-client-gson;1.42.3 in central
[2026-03-06T10:43:40.020+0000] {docker.py:429} INFO - found com.google.code.gson#gson;2.10.1 in central
[2026-03-06T10:43:40.376+0000] {docker.py:429} INFO - found com.google.http-client#google-http-client-apache-v2;1.42.3 in central
[2026-03-06T10:43:41.427+0000] {docker.py:429} INFO - :: resolution report :: resolve 6814ms :: artifacts dl 879ms
	:: modules in use:
[2026-03-06T10:43:41.444+0000] {docker.py:429} INFO - com.fasterxml.jackson.core#jackson-annotations;2.19.2 from central in [default]
	com.fasterxml.jackson.core#jackson-core;2.19.2 from central in [default]
	com.fasterxml.jackson.core#jackson-databind;2.19.2 from central in [default]
	com.github.ben-manes.caffeine#caffeine;2.9.3 from central in [default]
	com.google.api-client#google-api-client;2.2.0 from central in [default]
	com.google.code.findbugs#jsr305;3.0.2 from central in [default]
	com.google.code.gson#gson;2.10.1 from central in [default]
	com.google.errorprone#error_prone_annotations;2.16 from central in [default]
	com.google.guava#failureaccess;1.0.1 from central in [default]
	com.google.guava#guava;31.1-jre from central in [default]
	com.google.guava#listenablefuture;9999.0-empty-to-avoid-conflict-with-guava from central in [default]
	com.google.http-client#google-http-client;1.42.3 from central in [default]
	com.google.http-client#google-http-client-apache-v2;1.42.3 from central in [default]
	com.google.http-client#google-http-client-gson;1.42.3 from central in [default]
	com.google.j2objc#j2objc-annotations;1.3 from central in [default]
	com.google.oauth-client#google-oauth-client;1.34.1 from central in [default]
	commons-codec#commons-codec;1.17.0 from central in [default]
	commons-io#commons-io;2.16.1 from central in [default]
	commons-logging#commons-logging;1.2 from central in [default]
	io.airlift#aircompressor;0.27 from central in [default]
	io.grpc#grpc-context;1.27.2 from central in [default]
	io.opencensus#opencensus-api;0.31.1 from central in [default]
	io.opencensus#opencensus-contrib-http-util;0.31.1 from central in [default]
	org.apache.avro#avro;1.12.0 from central in [default]
	org.apache.commons#commons-compress;1.26.2 from central in [default]
[2026-03-06T10:43:41.445+0000] {docker.py:429} INFO - org.apache.commons#commons-lang3;3.15.0 from central in [default]
[2026-03-06T10:43:41.446+0000] {docker.py:429} INFO - org.apache.httpcomponents#httpclient;4.5.14 from central in [default]
[2026-03-06T10:43:41.446+0000] {docker.py:429} INFO - org.apache.httpcomponents#httpcore;4.4.16 from central in [default]
	org.apache.httpcomponents.client5#httpclient5;5.5 from central in [default]
[2026-03-06T10:43:41.447+0000] {docker.py:429} INFO - org.apache.httpcomponents.core5#httpcore5;5.3.4 from central in [default]
[2026-03-06T10:43:41.456+0000] {docker.py:429} INFO - org.apache.httpcomponents.core5#httpcore5-h2;5.3.4 from central in [default]
	org.apache.iceberg#iceberg-api;1.10.1 from central in [default]
	org.apache.iceberg#iceberg-bundled-guava;1.10.1 from central in [default]
	org.apache.iceberg#iceberg-common;1.10.1 from central in [default]
	org.apache.iceberg#iceberg-core;1.10.1 from central in [default]
	org.apache.iceberg#iceberg-gcp;1.10.1 from central in [default]
	org.apache.iceberg#iceberg-spark-runtime-4.0_2.13;1.10.1 from central in [default]
	org.checkerframework#checker-qual;3.19.0 from central in [default]
	org.roaringbitmap#RoaringBitmap;1.3.0 from central in [default]
	org.slf4j#slf4j-api;2.0.17 from central in [default]
	:: evicted modules:
	org.slf4j#slf4j-api;2.0.13 by [org.slf4j#slf4j-api;2.0.17] in [default]
	org.slf4j#slf4j-api;1.7.36 by [org.slf4j#slf4j-api;2.0.17] in [default]
	com.google.errorprone#error_prone_annotations;2.10.0 by [com.google.errorprone#error_prone_annotations;2.16] in [default]
	commons-codec#commons-codec;1.15 by [commons-codec#commons-codec;1.17.0] in [default]
	org.checkerframework#checker-qual;3.12.0 by [org.checkerframework#checker-qual;3.19.0] in [default]
	com.google.http-client#google-http-client-gson;1.41.0 by [com.google.http-client#google-http-client-gson;1.42.3] in [default]
	---------------------------------------------------------------------
	|                  |            modules            ||   artifacts   |
	|       conf       | number| search|dwnlded|evicted|| number|dwnlded|
	---------------------------------------------------------------------
	|      default     |   46  |   0   |   0   |   6   ||   40  |   0   |
	---------------------------------------------------------------------
[2026-03-06T10:43:41.543+0000] {docker.py:429} INFO - :: retrieving :: org.apache.spark#spark-submit-parent-e8714134-3f16-46b2-aaea-8465052df9ba
[2026-03-06T10:43:41.548+0000] {docker.py:429} INFO - confs: [default]
[2026-03-06T10:43:41.775+0000] {docker.py:429} INFO - 0 artifacts copied, 40 already retrieved (0kB/220ms)
[2026-03-06T10:43:43.481+0000] {docker.py:429} INFO - 26/03/06 10:43:43 WARN NativeCodeLoader: Unable to load native-hadoop library for your platform... using builtin-java classes where applicable
[2026-03-06T10:43:45.976+0000] {docker.py:429} INFO - Using Spark's default log4j profile: org/apache/spark/log4j2-defaults.properties
Setting default log level to "WARN".
To adjust logging level use sc.setLogLevel(newLevel). For SparkR, use setLogLevel(newLevel).
[2026-03-06T10:44:26.631+0000] {docker.py:429} INFO - 26/03/06 10:44:26 WARN CreateTableExec: Table ecommerce.bronze_orders was created concurrently. Ignoring.
[2026-03-06T10:44:30.715+0000] {docker.py:429} INFO - [Stage 0:>                                                          (0 + 0) / 4]
[2026-03-06T10:44:31.874+0000] {docker.py:429} INFO - [Stage 0:>                                                          (0 + 4) / 4]
[2026-03-06T10:44:39.039+0000] {docker.py:429} INFO - [Stage 0:==============>                                            (1 + 3) / 4]
[2026-03-06T10:44:40.265+0000] {docker.py:429} INFO - [Stage 2:>                                                          (0 + 1) / 1]
[2026-03-06T10:44:43.669+0000] {docker.py:429} INFO - 
[2026-03-06T10:44:45.824+0000] {docker.py:429} INFO - 26/03/06 10:44:45 WARN Tasks: Retrying task after failure: sleepTimeMs=109 Version 2 already exists: /tmp/iceberg-warehouse/bronze/ecommerce/bronze_orders/metadata/v2.metadata.json
org.apache.iceberg.exceptions.CommitFailedException: Version 2 already exists: /tmp/iceberg-warehouse/bronze/ecommerce/bronze_orders/metadata/v2.metadata.json
	at org.apache.iceberg.hadoop.HadoopTableOperations.renameToFinal(HadoopTableOperations.java:370)
	at org.apache.iceberg.hadoop.HadoopTableOperations.commit(HadoopTableOperations.java:162)
	at org.apache.iceberg.SnapshotProducer.lambda$commit$2(SnapshotProducer.java:466)
	at org.apache.iceberg.util.Tasks$Builder.runTaskWithRetry(Tasks.java:413)
	at org.apache.iceberg.util.Tasks$Builder.runSingleThreaded(Tasks.java:219)
	at org.apache.iceberg.util.Tasks$Builder.run(Tasks.java:203)
	at org.apache.iceberg.util.Tasks$Builder.run(Tasks.java:196)
	at org.apache.iceberg.SnapshotProducer.commit(SnapshotProducer.java:438)
	at org.apache.iceberg.spark.source.SparkWrite.commitOperation(SparkWrite.java:238)
	at org.apache.iceberg.spark.source.SparkWrite$BatchAppend.commit(SparkWrite.java:306)
	at org.apache.spark.sql.execution.datasources.v2.V2TableWriteExec.writeWithV2(WriteToDataSourceV2Exec.scala:438)
	at org.apache.spark.sql.execution.datasources.v2.V2TableWriteExec.writeWithV2$(WriteToDataSourceV2Exec.scala:397)
	at org.apache.spark.sql.execution.datasources.v2.AppendDataExec.writeWithV2(WriteToDataSourceV2Exec.scala:237)
	at org.apache.spark.sql.execution.datasources.v2.V2ExistingTableWriteExec.run(WriteToDataSourceV2Exec.scala:360)
	at org.apache.spark.sql.execution.datasources.v2.V2ExistingTableWriteExec.run$(WriteToDataSourceV2Exec.scala:358)
	at org.apache.spark.sql.execution.datasources.v2.AppendDataExec.run(WriteToDataSourceV2Exec.scala:237)
	at org.apache.spark.sql.execution.datasources.v2.V2CommandExec.result$lzycompute(V2CommandExec.scala:43)
	at org.apache.spark.sql.execution.datasources.v2.V2CommandExec.result(V2CommandExec.scala:43)
	at org.apache.spark.sql.execution.datasources.v2.V2CommandExec.executeCollect(V2CommandExec.scala:49)
	at org.apache.spark.sql.execution.QueryExecution.$anonfun$eagerlyExecuteCommands$2(QueryExecution.scala:155)
	at org.apache.spark.sql.execution.SQLExecution$.$anonfun$withNewExecutionId0$8(SQLExecution.scala:162)
	at org.apache.spark.sql.execution.SQLExecution$.withSessionTagsApplied(SQLExecution.scala:268)
	at org.apache.spark.sql.execution.SQLExecution$.$anonfun$withNewExecutionId0$7(SQLExecution.scala:124)
	at org.apache.spark.JobArtifactSet$.withActiveJobArtifactState(JobArtifactSet.scala:94)
	at org.apache.spark.sql.artifact.ArtifactManager.$anonfun$withResources$1(ArtifactManager.scala:112)
	at org.apache.spark.sql.artifact.ArtifactManager.withClassLoaderIfNeeded(ArtifactManager.scala:106)
	at org.apache.spark.sql.artifact.ArtifactManager.withResources(ArtifactManager.scala:111)
	at org.apache.spark.sql.execution.SQLExecution$.$anonfun$withNewExecutionId0$6(SQLExecution.scala:124)
	at org.apache.spark.sql.execution.SQLExecution$.withSQLConfPropagated(SQLExecution.scala:291)
	at org.apache.spark.sql.execution.SQLExecution$.$anonfun$withNewExecutionId0$1(SQLExecution.scala:123)
	at org.apache.spark.sql.SparkSession.withActive(SparkSession.scala:804)
	at org.apache.spark.sql.execution.SQLExecution$.withNewExecutionId0(SQLExecution.scala:77)
	at org.apache.spark.sql.execution.SQLExecution$.withNewExecutionId(SQLExecution.scala:233)
	at org.apache.spark.sql.execution.QueryExecution.$anonfun$eagerlyExecuteCommands$1(QueryExecution.scala:155)
	at org.apache.spark.sql.execution.QueryExecution$.withInternalError(QueryExecution.scala:654)
	at org.apache.spark.sql.execution.QueryExecution.org$apache$spark$sql$execution$QueryExecution$$eagerlyExecute$1(QueryExecution.scala:154)
	at org.apache.spark.sql.execution.QueryExecution$$anonfun$eagerlyExecuteCommands$3.applyOrElse(QueryExecution.scala:169)
	at org.apache.spark.sql.execution.QueryExecution$$anonfun$eagerlyExecuteCommands$3.applyOrElse(QueryExecution.scala:164)
	at org.apache.spark.sql.catalyst.trees.TreeNode.$anonfun$transformDownWithPruning$1(TreeNode.scala:470)
	at org.apache.spark.sql.catalyst.trees.CurrentOrigin$.withOrigin(origin.scala:86)
	at org.apache.spark.sql.catalyst.trees.TreeNode.transformDownWithPruning(TreeNode.scala:470)
	at org.apache.spark.sql.catalyst.plans.logical.LogicalPlan.org$apache$spark$sql$catalyst$plans$logical$AnalysisHelper$$super$transformDownWithPruning(LogicalPlan.scala:37)
	at org.apache.spark.sql.catalyst.plans.logical.AnalysisHelper.transformDownWithPruning(AnalysisHelper.scala:360)
	at org.apache.spark.sql.catalyst.plans.logical.AnalysisHelper.transformDownWithPruning$(AnalysisHelper.scala:356)
	at org.apache.spark.sql.catalyst.plans.logical.LogicalPlan.transformDownWithPruning(LogicalPlan.scala:37)
	at org.apache.spark.sql.catalyst.plans.logical.LogicalPlan.transformDownWithPruning(LogicalPlan.scala:37)
	at org.apache.spark.sql.catalyst.trees.TreeNode.transformDown(TreeNode.scala:446)
	at org.apache.spark.sql.execution.QueryExecution.eagerlyExecuteCommands(QueryExecution.scala:164)
	at org.apache.spark.sql.execution.QueryExecution.$anonfun$lazyCommandExecuted$1(QueryExecution.scala:126)
	at scala.util.Try$.apply(Try.scala:217)
	at org.apache.spark.util.Utils$.doTryWithCallerStacktrace(Utils.scala:1378)
	at org.apache.spark.util.LazyTry.tryT$lzycompute(LazyTry.scala:46)
	at org.apache.spark.util.LazyTry.tryT(LazyTry.scala:46)
	at org.apache.spark.util.LazyTry.get(LazyTry.scala:58)
	at org.apache.spark.sql.execution.QueryExecution.commandExecuted(QueryExecution.scala:131)
	at org.apache.spark.sql.execution.QueryExecution.assertCommandExecuted(QueryExecution.scala:192)
	at org.apache.spark.sql.classic.DataFrameWriterV2.runCommand(DataFrameWriterV2.scala:218)
	at org.apache.spark.sql.classic.DataFrameWriterV2.append(DataFrameWriterV2.scala:191)
	at java.base/jdk.internal.reflect.NativeMethodAccessorImpl.invoke0(Native Method)
	at java.base/jdk.internal.reflect.NativeMethodAccessorImpl.invoke(NativeMethodAccessorImpl.java:75)
	at java.base/jdk.internal.reflect.DelegatingMethodAccessorImpl.invoke(DelegatingMethodAccessorImpl.java:52)
	at java.base/java.lang.reflect.Method.invoke(Method.java:580)
	at py4j.reflection.MethodInvoker.invoke(MethodInvoker.java:244)
	at py4j.reflection.ReflectionEngine.invoke(ReflectionEngine.java:374)
	at py4j.Gateway.invoke(Gateway.java:282)
	at py4j.commands.AbstractCommand.invokeMethod(AbstractCommand.java:132)
	at py4j.commands.CallCommand.execute(CallCommand.java:79)
	at py4j.ClientServerConnection.waitForCommands(ClientServerConnection.java:184)
	at py4j.ClientServerConnection.run(ClientServerConnection.java:108)
	at java.base/java.lang.Thread.run(Thread.java:1583)
[2026-03-06T10:44:48.840+0000] {docker.py:429} INFO - [Stage 3:>                                                          (0 + 4) / 4]
[2026-03-06T10:44:49.038+0000] {docker.py:429} INFO - [Stage 3:==============>                                            (1 + 3) / 4]
[2026-03-06T10:44:49.246+0000] {docker.py:429} INFO - [Stage 3:============================================>              (3 + 1) / 4]
[2026-03-06T10:44:49.879+0000] {docker.py:429} INFO - 
[2026-03-06T10:44:51.858+0000] {docker.py:429} INFO - Fetching data from https://jsonplaceholder.typicode.com/posts ...
Fetched 100 records.
Written 100 rows to local_catalog.ecommerce.bronze_orders
[2026-03-06 10:44:51.799696] Table: local_catalog.ecommerce.bronze_orders | Snapshot ID: 693716831029004734 | Committed At: 2026-03-06 10:44:46.127000
Snapshot ID: 693716831029004734
[2026-03-06T10:44:55.043+0000] {taskinstance.py:441} INFO - ::group::Post task execution logs
[2026-03-06T10:44:57.517+0000] {taskinstance.py:1206} INFO - Marking task as SUCCESS. dag_id=ecommerce_iceberg_pipeline, task_id=bronze_ingest, run_id=manual__2026-03-06T10:43:07.272632+00:00, execution_date=20260306T104307, start_date=20260306T104317, end_date=20260306T104457
[2026-03-06T10:44:59.374+0000] {local_task_job_runner.py:243} INFO - Task exited with return code 0
[2026-03-06T10:45:01.433+0000] {taskinstance.py:3503} INFO - 0 downstream tasks scheduled from follow-on schedule check
[2026-03-06T10:45:01.454+0000] {local_task_job_runner.py:222} INFO - ::endgroup::
