[2026-03-06T10:25:20.480+0000] {local_task_job_runner.py:120} INFO - ::group::Pre task execution logs
[2026-03-06T10:25:20.613+0000] {taskinstance.py:2076} INFO - Dependencies all met for dep_context=non-requeueable deps ti=<TaskInstance: ecommerce_iceberg_pipeline.silver_transform scheduled__2026-03-05T00:00:00+00:00 [queued]>
[2026-03-06T10:25:20.631+0000] {taskinstance.py:2076} INFO - Dependencies all met for dep_context=requeueable deps ti=<TaskInstance: ecommerce_iceberg_pipeline.silver_transform scheduled__2026-03-05T00:00:00+00:00 [queued]>
[2026-03-06T10:25:20.632+0000] {taskinstance.py:2306} INFO - Starting attempt 1 of 3
[2026-03-06T10:25:20.649+0000] {taskinstance.py:2330} INFO - Executing <Task(DockerOperator): silver_transform> on 2026-03-05 00:00:00+00:00
[2026-03-06T10:25:20.661+0000] {standard_task_runner.py:64} INFO - Started process 365 to run task
[2026-03-06T10:25:20.668+0000] {standard_task_runner.py:90} INFO - Running: ['***', 'tasks', 'run', 'ecommerce_iceberg_pipeline', 'silver_transform', 'scheduled__2026-03-05T00:00:00+00:00', '--job-id', '4', '--raw', '--subdir', 'DAGS_FOLDER/iceberg_dag.py', '--cfg-path', '/tmp/tmpz61bcpsh']
[2026-03-06T10:25:20.674+0000] {standard_task_runner.py:91} INFO - Job 4: Subtask silver_transform
[2026-03-06T10:25:20.873+0000] {task_command.py:426} INFO - Running <TaskInstance: ecommerce_iceberg_pipeline.silver_transform scheduled__2026-03-05T00:00:00+00:00 [running]> on host 0b86c3ec65fe
[2026-03-06T10:25:21.759+0000] {taskinstance.py:2648} INFO - Exporting env vars: AIRFLOW_CTX_DAG_OWNER='data-engineering' AIRFLOW_CTX_DAG_ID='ecommerce_iceberg_pipeline' AIRFLOW_CTX_TASK_ID='silver_transform' AIRFLOW_CTX_EXECUTION_DATE='2026-03-05T00:00:00+00:00' AIRFLOW_CTX_TRY_NUMBER='1' AIRFLOW_CTX_DAG_RUN_ID='scheduled__2026-03-05T00:00:00+00:00'
[2026-03-06T10:25:21.791+0000] {taskinstance.py:430} INFO - ::endgroup::
[2026-03-06T10:25:22.061+0000] {docker.py:359} INFO - Starting docker container from image spark-iceberg:latest
[2026-03-06T10:25:30.990+0000] {docker.py:429} INFO - WARNING: Using incubator modules: jdk.incubator.vector
[2026-03-06T10:25:43.180+0000] {docker.py:429} INFO - :: loading settings :: url = jar:file:/opt/spark/jars/ivy-2.5.3.jar!/org/apache/ivy/core/settings/ivysettings.xml
[2026-03-06T10:25:43.551+0000] {docker.py:429} INFO - Ivy Default Cache set to: /opt/spark/.ivy2/cache
The jars for the packages stored in: /opt/spark/.ivy2/jars
[2026-03-06T10:25:43.586+0000] {docker.py:429} INFO - org.apache.iceberg#iceberg-spark-runtime-4.0_2.13 added as a dependency
org.apache.iceberg#iceberg-gcp added as a dependency
com.google.api-client#google-api-client added as a dependency
com.google.http-client#google-http-client-gson added as a dependency
com.google.oauth-client#google-oauth-client added as a dependency
[2026-03-06T10:25:43.608+0000] {docker.py:429} INFO - :: resolving dependencies :: org.apache.spark#spark-submit-parent-be24da96-b0a7-4401-8f6f-b5255e6db034;1.0
	confs: [default]
[2026-03-06T10:25:44.365+0000] {docker.py:429} INFO - found org.apache.iceberg#iceberg-spark-runtime-4.0_2.13;1.10.1 in central
[2026-03-06T10:25:44.460+0000] {docker.py:429} INFO - found org.apache.iceberg#iceberg-gcp;1.10.1 in central
[2026-03-06T10:25:44.574+0000] {docker.py:429} INFO - found org.apache.iceberg#iceberg-api;1.10.1 in central
[2026-03-06T10:25:44.714+0000] {docker.py:429} INFO - found org.slf4j#slf4j-api;2.0.17 in central
[2026-03-06T10:25:44.762+0000] {docker.py:429} INFO - found org.apache.iceberg#iceberg-bundled-guava;1.10.1 in central
[2026-03-06T10:25:44.885+0000] {docker.py:429} INFO - found org.apache.iceberg#iceberg-common;1.10.1 in central
[2026-03-06T10:25:45.206+0000] {docker.py:429} INFO - found org.apache.iceberg#iceberg-core;1.10.1 in central
[2026-03-06T10:25:45.647+0000] {docker.py:429} INFO - found org.apache.avro#avro;1.12.0 in central
[2026-03-06T10:25:45.815+0000] {docker.py:429} INFO - found com.fasterxml.jackson.core#jackson-core;2.19.2 in central
[2026-03-06T10:25:46.023+0000] {docker.py:429} INFO - found com.fasterxml.jackson.core#jackson-databind;2.19.2 in central
[2026-03-06T10:25:46.347+0000] {docker.py:429} INFO - found com.fasterxml.jackson.core#jackson-annotations;2.19.2 in central
[2026-03-06T10:25:46.692+0000] {docker.py:429} INFO - found org.apache.commons#commons-compress;1.26.2 in central
[2026-03-06T10:25:47.285+0000] {docker.py:429} INFO - found commons-codec#commons-codec;1.17.0 in central
[2026-03-06T10:25:47.579+0000] {docker.py:429} INFO - found commons-io#commons-io;2.16.1 in central
[2026-03-06T10:25:47.794+0000] {docker.py:429} INFO - found org.apache.commons#commons-lang3;3.15.0 in central
[2026-03-06T10:25:48.345+0000] {docker.py:429} INFO - found io.airlift#aircompressor;0.27 in central
[2026-03-06T10:25:48.473+0000] {docker.py:429} INFO - found org.apache.httpcomponents.client5#httpclient5;5.5 in central
[2026-03-06T10:25:48.645+0000] {docker.py:429} INFO - found org.apache.httpcomponents.core5#httpcore5;5.3.4 in central
[2026-03-06T10:25:48.803+0000] {docker.py:429} INFO - found org.apache.httpcomponents.core5#httpcore5-h2;5.3.4 in central
[2026-03-06T10:25:48.898+0000] {docker.py:429} INFO - found com.github.ben-manes.caffeine#caffeine;2.9.3 in central
[2026-03-06T10:25:49.009+0000] {docker.py:429} INFO - found org.checkerframework#checker-qual;3.19.0 in central
[2026-03-06T10:25:49.639+0000] {docker.py:429} INFO - found com.google.errorprone#error_prone_annotations;2.10.0 in central
[2026-03-06T10:25:49.844+0000] {docker.py:429} INFO - found org.roaringbitmap#RoaringBitmap;1.3.0 in central
[2026-03-06T10:25:50.000+0000] {docker.py:429} INFO - found com.google.api-client#google-api-client;2.2.0 in central
[2026-03-06T10:25:51.159+0000] {docker.py:429} INFO - found com.google.oauth-client#google-oauth-client;1.34.1 in central
[2026-03-06T10:25:52.059+0000] {docker.py:429} INFO - found com.google.http-client#google-http-client;1.42.3 in central
[2026-03-06T10:25:52.272+0000] {docker.py:429} INFO - found org.apache.httpcomponents#httpclient;4.5.14 in central
[2026-03-06T10:25:52.309+0000] {docker.py:429} INFO - found org.apache.httpcomponents#httpcore;4.4.16 in central
[2026-03-06T10:25:52.438+0000] {docker.py:429} INFO - found commons-logging#commons-logging;1.2 in central
[2026-03-06T10:25:52.727+0000] {docker.py:429} INFO - found com.google.code.findbugs#jsr305;3.0.2 in central
[2026-03-06T10:25:52.857+0000] {docker.py:429} INFO - found com.google.errorprone#error_prone_annotations;2.16 in central
[2026-03-06T10:25:52.979+0000] {docker.py:429} INFO - found com.google.guava#guava;31.1-jre in central
[2026-03-06T10:25:53.046+0000] {docker.py:429} INFO - found com.google.guava#failureaccess;1.0.1 in central
[2026-03-06T10:25:53.078+0000] {docker.py:429} INFO - found com.google.guava#listenablefuture;9999.0-empty-to-avoid-conflict-with-guava in central
[2026-03-06T10:25:53.157+0000] {docker.py:429} INFO - found com.google.j2objc#j2objc-annotations;1.3 in central
[2026-03-06T10:25:53.267+0000] {docker.py:429} INFO - found io.opencensus#opencensus-api;0.31.1 in central
[2026-03-06T10:25:53.439+0000] {docker.py:429} INFO - found io.grpc#grpc-context;1.27.2 in central
[2026-03-06T10:25:53.627+0000] {docker.py:429} INFO - found io.opencensus#opencensus-contrib-http-util;0.31.1 in central
[2026-03-06T10:25:54.398+0000] {docker.py:429} INFO - found com.google.http-client#google-http-client-gson;1.42.3 in central
[2026-03-06T10:25:55.252+0000] {docker.py:429} INFO - found com.google.code.gson#gson;2.10.1 in central
[2026-03-06T10:25:55.951+0000] {docker.py:429} INFO - found com.google.http-client#google-http-client-apache-v2;1.42.3 in central
[2026-03-06T10:25:57.360+0000] {docker.py:429} INFO - :: resolution report :: resolve 13197ms :: artifacts dl 575ms
	:: modules in use:
	com.fasterxml.jackson.core#jackson-annotations;2.19.2 from central in [default]
[2026-03-06T10:25:57.367+0000] {docker.py:429} INFO - com.fasterxml.jackson.core#jackson-core;2.19.2 from central in [default]
[2026-03-06T10:25:57.373+0000] {docker.py:429} INFO - com.fasterxml.jackson.core#jackson-databind;2.19.2 from central in [default]
[2026-03-06T10:25:57.376+0000] {docker.py:429} INFO - com.github.ben-manes.caffeine#caffeine;2.9.3 from central in [default]
[2026-03-06T10:25:57.377+0000] {docker.py:429} INFO - com.google.api-client#google-api-client;2.2.0 from central in [default]
[2026-03-06T10:25:57.380+0000] {docker.py:429} INFO - com.google.code.findbugs#jsr305;3.0.2 from central in [default]
[2026-03-06T10:25:57.384+0000] {docker.py:429} INFO - com.google.code.gson#gson;2.10.1 from central in [default]
	com.google.errorprone#error_prone_annotations;2.16 from central in [default]
	com.google.guava#failureaccess;1.0.1 from central in [default]
	com.google.guava#guava;31.1-jre from central in [default]
[2026-03-06T10:25:57.387+0000] {docker.py:429} INFO - com.google.guava#listenablefuture;9999.0-empty-to-avoid-conflict-with-guava from central in [default]
[2026-03-06T10:25:57.390+0000] {docker.py:429} INFO - com.google.http-client#google-http-client;1.42.3 from central in [default]
	com.google.http-client#google-http-client-apache-v2;1.42.3 from central in [default]
	com.google.http-client#google-http-client-gson;1.42.3 from central in [default]
[2026-03-06T10:25:57.391+0000] {docker.py:429} INFO - com.google.j2objc#j2objc-annotations;1.3 from central in [default]
[2026-03-06T10:25:57.392+0000] {docker.py:429} INFO - com.google.oauth-client#google-oauth-client;1.34.1 from central in [default]
[2026-03-06T10:25:57.393+0000] {docker.py:429} INFO - commons-codec#commons-codec;1.17.0 from central in [default]
[2026-03-06T10:25:57.400+0000] {docker.py:429} INFO - commons-io#commons-io;2.16.1 from central in [default]
[2026-03-06T10:25:57.402+0000] {docker.py:429} INFO - commons-logging#commons-logging;1.2 from central in [default]
[2026-03-06T10:25:57.404+0000] {docker.py:429} INFO - io.airlift#aircompressor;0.27 from central in [default]
	io.grpc#grpc-context;1.27.2 from central in [default]
	io.opencensus#opencensus-api;0.31.1 from central in [default]
	io.opencensus#opencensus-contrib-http-util;0.31.1 from central in [default]
	org.apache.avro#avro;1.12.0 from central in [default]
	org.apache.commons#commons-compress;1.26.2 from central in [default]
	org.apache.commons#commons-lang3;3.15.0 from central in [default]
	org.apache.httpcomponents#httpclient;4.5.14 from central in [default]
	org.apache.httpcomponents#httpcore;4.4.16 from central in [default]
	org.apache.httpcomponents.client5#httpclient5;5.5 from central in [default]
	org.apache.httpcomponents.core5#httpcore5;5.3.4 from central in [default]
	org.apache.httpcomponents.core5#httpcore5-h2;5.3.4 from central in [default]
	org.apache.iceberg#iceberg-api;1.10.1 from central in [default]
	org.apache.iceberg#iceberg-bundled-guava;1.10.1 from central in [default]
	org.apache.iceberg#iceberg-common;1.10.1 from central in [default]
	org.apache.iceberg#iceberg-core;1.10.1 from central in [default]
	org.apache.iceberg#iceberg-gcp;1.10.1 from central in [default]
	org.apache.iceberg#iceberg-spark-runtime-4.0_2.13;1.10.1 from central in [default]
	org.checkerframework#checker-qual;3.19.0 from central in [default]
	org.roaringbitmap#RoaringBitmap;1.3.0 from central in [default]
	org.slf4j#slf4j-api;2.0.17 from central in [default]
	:: evicted modules:
	org.slf4j#slf4j-api;2.0.13 by [org.slf4j#slf4j-api;2.0.17] in [default]
	org.slf4j#slf4j-api;1.7.36 by [org.slf4j#slf4j-api;2.0.17] in [default]
	com.google.errorprone#error_prone_annotations;2.10.0 by [com.google.errorprone#error_prone_annotations;2.16] in [default]
	commons-codec#commons-codec;1.15 by [commons-codec#commons-codec;1.17.0] in [default]
	org.checkerframework#checker-qual;3.12.0 by [org.checkerframework#checker-qual;3.19.0] in [default]
[2026-03-06T10:25:57.418+0000] {docker.py:429} INFO - com.google.http-client#google-http-client-gson;1.41.0 by [com.google.http-client#google-http-client-gson;1.42.3] in [default]
[2026-03-06T10:25:57.426+0000] {docker.py:429} INFO - ---------------------------------------------------------------------
[2026-03-06T10:25:57.430+0000] {docker.py:429} INFO - |                  |            modules            ||   artifacts   |
[2026-03-06T10:25:57.432+0000] {docker.py:429} INFO - |       conf       | number| search|dwnlded|evicted|| number|dwnlded|
[2026-03-06T10:25:57.432+0000] {docker.py:429} INFO - ---------------------------------------------------------------------
[2026-03-06T10:25:57.435+0000] {docker.py:429} INFO - |      default     |   46  |   0   |   0   |   6   ||   40  |   0   |
[2026-03-06T10:25:57.436+0000] {docker.py:429} INFO - ---------------------------------------------------------------------
[2026-03-06T10:25:57.551+0000] {docker.py:429} INFO - :: retrieving :: org.apache.spark#spark-submit-parent-be24da96-b0a7-4401-8f6f-b5255e6db034
[2026-03-06T10:25:57.565+0000] {docker.py:429} INFO - confs: [default]
[2026-03-06T10:25:57.682+0000] {docker.py:429} INFO - 0 artifacts copied, 40 already retrieved (0kB/112ms)
[2026-03-06T10:25:59.060+0000] {docker.py:429} INFO - 26/03/06 10:25:59 WARN NativeCodeLoader: Unable to load native-hadoop library for your platform... using builtin-java classes where applicable
[2026-03-06T10:25:59.960+0000] {docker.py:429} INFO - Using Spark's default log4j profile: org/apache/spark/log4j2-defaults.properties
[2026-03-06T10:25:59.963+0000] {docker.py:429} INFO - Setting default log level to "
[2026-03-06T10:25:59.965+0000] {docker.py:429} INFO - WARN
[2026-03-06T10:25:59.966+0000] {docker.py:429} INFO - ".
[2026-03-06T10:25:59.971+0000] {docker.py:429} INFO - To adjust logging level use sc.setLogLevel(newLevel). For SparkR, use setLogLevel(newLevel).
[2026-03-06T10:26:34.494+0000] {docker.py:429} INFO - Reading bronze table: local_catalog.ecommerce.bronze_orders
[2026-03-06T10:26:34.500+0000] {docker.py:429} INFO - Traceback (most recent call last):
  File "/opt/spark/src/silver_transform.py", line 78, in <module>
[2026-03-06T10:26:34.503+0000] {docker.py:429} INFO - transform_silver()
  File "/opt/spark/src/silver_transform.py", line 27, in transform_silver
    df_bronze = spark.table(TABLE_BRONZE)
  File "/opt/venv/lib/python3.10/site-packages/pyspark/sql/session.py", line 1859, in table
[2026-03-06T10:26:34.505+0000] {docker.py:429} INFO - return DataFrame(self._jsparkSession.table(tableName), self)
  File "/opt/venv/lib/python3.10/site-packages/py4j/java_gateway.py", line 1362, in __call__
[2026-03-06T10:26:34.510+0000] {docker.py:429} INFO - return_value = get_return_value(
[2026-03-06T10:26:34.516+0000] {docker.py:429} INFO - File "/opt/venv/lib/python3.10/site-packages/pyspark/errors/exceptions/captured.py", line 288, in deco
[2026-03-06T10:26:34.519+0000] {docker.py:429} INFO - raise converted from None
[2026-03-06T10:26:34.526+0000] {docker.py:429} INFO - pyspark.errors.exceptions.captured.AnalysisException: [TABLE_OR_VIEW_NOT_FOUND] The table or view `local_catalog`.`ecommerce`.`bronze_orders` cannot be found. Verify the spelling and correctness of the schema and catalog.
If you did not qualify the name with a schema, verify the current_schema() output, or qualify the name with the correct schema and catalog.
To tolerate the error on drop use DROP VIEW IF EXISTS or DROP TABLE IF EXISTS. SQLSTATE: 42P01;
'UnresolvedRelation [local_catalog, ecommerce, bronze_orders], [], false
[2026-03-06T10:26:36.242+0000] {taskinstance.py:441} INFO - ::group::Post task execution logs
[2026-03-06T10:26:36.588+0000] {taskinstance.py:2905} ERROR - Task failed with exception
Traceback (most recent call last):
  File "/home/airflow/.local/lib/python3.11/site-packages/airflow/models/taskinstance.py", line 465, in _execute_task
    result = _execute_callable(context=context, **execute_callable_kwargs)
             ^^^^^^^^^^^^^^^^^^^^^^^^^^^^^^^^^^^^^^^^^^^^^^^^^^^^^^^^^^^^^
  File "/home/airflow/.local/lib/python3.11/site-packages/airflow/models/taskinstance.py", line 432, in _execute_callable
    return execute_callable(context=context, **execute_callable_kwargs)
           ^^^^^^^^^^^^^^^^^^^^^^^^^^^^^^^^^^^^^^^^^^^^^^^^^^^^^^^^^^^^
  File "/home/airflow/.local/lib/python3.11/site-packages/airflow/models/baseoperator.py", line 401, in wrapper
    return func(self, *args, **kwargs)
           ^^^^^^^^^^^^^^^^^^^^^^^^^^^
  File "/home/airflow/.local/lib/python3.11/site-packages/airflow/providers/docker/operators/docker.py", line 502, in execute
    return self._run_image()
           ^^^^^^^^^^^^^^^^^
  File "/home/airflow/.local/lib/python3.11/site-packages/airflow/providers/docker/operators/docker.py", line 376, in _run_image
    return self._run_image_with_mounts(self.mounts, add_tmp_variable=False)
           ^^^^^^^^^^^^^^^^^^^^^^^^^^^^^^^^^^^^^^^^^^^^^^^^^^^^^^^^^^^^^^^^
  File "/home/airflow/.local/lib/python3.11/site-packages/airflow/providers/docker/operators/docker.py", line 437, in _run_image_with_mounts
    raise DockerContainerFailedException(f"Docker container failed: {result!r}", logs=log_lines)
airflow.providers.docker.exceptions.DockerContainerFailedException: Docker container failed: {'StatusCode': 1}
[2026-03-06T10:26:36.684+0000] {taskinstance.py:1206} INFO - Marking task as UP_FOR_RETRY. dag_id=ecommerce_iceberg_pipeline, task_id=silver_transform, run_id=scheduled__2026-03-05T00:00:00+00:00, execution_date=20260305T000000, start_date=20260306T102520, end_date=20260306T102636
[2026-03-06T10:26:37.045+0000] {standard_task_runner.py:110} ERROR - Failed to execute job 4 for task silver_transform (Docker container failed: {'StatusCode': 1}; 365)
[2026-03-06T10:26:37.256+0000] {local_task_job_runner.py:243} INFO - Task exited with return code 1
[2026-03-06T10:26:37.820+0000] {taskinstance.py:3503} INFO - 0 downstream tasks scheduled from follow-on schedule check
[2026-03-06T10:26:37.999+0000] {local_task_job_runner.py:222} INFO - ::endgroup::
[2026-03-06T10:45:09.726+0000] {local_task_job_runner.py:120} INFO - ::group::Pre task execution logs
[2026-03-06T10:45:09.798+0000] {taskinstance.py:2076} INFO - Dependencies all met for dep_context=non-requeueable deps ti=<TaskInstance: ecommerce_iceberg_pipeline.silver_transform scheduled__2026-03-05T00:00:00+00:00 [queued]>
[2026-03-06T10:45:09.812+0000] {taskinstance.py:2076} INFO - Dependencies all met for dep_context=requeueable deps ti=<TaskInstance: ecommerce_iceberg_pipeline.silver_transform scheduled__2026-03-05T00:00:00+00:00 [queued]>
[2026-03-06T10:45:09.812+0000] {taskinstance.py:2306} INFO - Starting attempt 1 of 3
[2026-03-06T10:45:09.833+0000] {taskinstance.py:2330} INFO - Executing <Task(DockerOperator): silver_transform> on 2026-03-05 00:00:00+00:00
[2026-03-06T10:45:09.845+0000] {standard_task_runner.py:64} INFO - Started process 216 to run task
[2026-03-06T10:45:09.852+0000] {standard_task_runner.py:90} INFO - Running: ['***', 'tasks', 'run', 'ecommerce_iceberg_pipeline', 'silver_transform', 'scheduled__2026-03-05T00:00:00+00:00', '--job-id', '5', '--raw', '--subdir', 'DAGS_FOLDER/iceberg_dag.py', '--cfg-path', '/tmp/tmpq7_i5srj']
[2026-03-06T10:45:09.859+0000] {standard_task_runner.py:91} INFO - Job 5: Subtask silver_transform
[2026-03-06T10:45:10.099+0000] {task_command.py:426} INFO - Running <TaskInstance: ecommerce_iceberg_pipeline.silver_transform scheduled__2026-03-05T00:00:00+00:00 [running]> on host 7afefc26c634
[2026-03-06T10:45:10.370+0000] {taskinstance.py:2648} INFO - Exporting env vars: AIRFLOW_CTX_DAG_OWNER='data-engineering' AIRFLOW_CTX_DAG_ID='ecommerce_iceberg_pipeline' AIRFLOW_CTX_TASK_ID='silver_transform' AIRFLOW_CTX_EXECUTION_DATE='2026-03-05T00:00:00+00:00' AIRFLOW_CTX_TRY_NUMBER='1' AIRFLOW_CTX_DAG_RUN_ID='scheduled__2026-03-05T00:00:00+00:00'
[2026-03-06T10:45:10.373+0000] {taskinstance.py:430} INFO - ::endgroup::
[2026-03-06T10:45:10.522+0000] {docker.py:359} INFO - Starting docker container from image spark-iceberg:latest
[2026-03-06T10:45:13.974+0000] {docker.py:429} INFO - WARNING: Using incubator modules: jdk.incubator.vector
[2026-03-06T10:45:33.675+0000] {docker.py:429} INFO - :: loading settings :: url = jar:file:/opt/spark/jars/ivy-2.5.3.jar!/org/apache/ivy/core/settings/ivysettings.xml
[2026-03-06T10:45:34.334+0000] {docker.py:429} INFO - Ivy Default Cache set to: /opt/spark/.ivy2/cache
The jars for the packages stored in: /opt/spark/.ivy2/jars
[2026-03-06T10:45:34.363+0000] {docker.py:429} INFO - org.apache.iceberg#iceberg-spark-runtime-4.0_2.13 added as a dependency
org.apache.iceberg#iceberg-gcp added as a dependency
com.google.api-client#google-api-client added as a dependency
com.google.http-client#google-http-client-gson added as a dependency
com.google.oauth-client#google-oauth-client added as a dependency
:: resolving dependencies :: org.apache.spark#spark-submit-parent-90ec70e4-a062-4e37-a87c-c60311b16b60;1.0
	confs: [default]
[2026-03-06T10:45:35.292+0000] {docker.py:429} INFO - found org.apache.iceberg#iceberg-spark-runtime-4.0_2.13;1.10.1 in central
[2026-03-06T10:45:35.351+0000] {docker.py:429} INFO - found org.apache.iceberg#iceberg-gcp;1.10.1 in central
[2026-03-06T10:45:35.426+0000] {docker.py:429} INFO - found org.apache.iceberg#iceberg-api;1.10.1 in central
[2026-03-06T10:45:35.605+0000] {docker.py:429} INFO - found org.slf4j#slf4j-api;2.0.17 in central
[2026-03-06T10:45:35.703+0000] {docker.py:429} INFO - found org.apache.iceberg#iceberg-bundled-guava;1.10.1 in central
[2026-03-06T10:45:35.856+0000] {docker.py:429} INFO - found org.apache.iceberg#iceberg-common;1.10.1 in central
[2026-03-06T10:45:36.016+0000] {docker.py:429} INFO - found org.apache.iceberg#iceberg-core;1.10.1 in central
[2026-03-06T10:45:36.226+0000] {docker.py:429} INFO - found org.apache.avro#avro;1.12.0 in central
[2026-03-06T10:45:36.442+0000] {docker.py:429} INFO - found com.fasterxml.jackson.core#jackson-core;2.19.2 in central
[2026-03-06T10:45:36.623+0000] {docker.py:429} INFO - found com.fasterxml.jackson.core#jackson-databind;2.19.2 in central
[2026-03-06T10:45:36.829+0000] {docker.py:429} INFO - found com.fasterxml.jackson.core#jackson-annotations;2.19.2 in central
[2026-03-06T10:45:37.273+0000] {docker.py:429} INFO - found org.apache.commons#commons-compress;1.26.2 in central
[2026-03-06T10:45:37.444+0000] {docker.py:429} INFO - found commons-codec#commons-codec;1.17.0 in central
[2026-03-06T10:45:37.636+0000] {docker.py:429} INFO - found commons-io#commons-io;2.16.1 in central
[2026-03-06T10:45:37.811+0000] {docker.py:429} INFO - found org.apache.commons#commons-lang3;3.15.0 in central
[2026-03-06T10:45:38.427+0000] {docker.py:429} INFO - found io.airlift#aircompressor;0.27 in central
[2026-03-06T10:45:38.722+0000] {docker.py:429} INFO - found org.apache.httpcomponents.client5#httpclient5;5.5 in central
[2026-03-06T10:45:38.888+0000] {docker.py:429} INFO - found org.apache.httpcomponents.core5#httpcore5;5.3.4 in central
[2026-03-06T10:45:38.933+0000] {docker.py:429} INFO - found org.apache.httpcomponents.core5#httpcore5-h2;5.3.4 in central
[2026-03-06T10:45:39.060+0000] {docker.py:429} INFO - found com.github.ben-manes.caffeine#caffeine;2.9.3 in central
[2026-03-06T10:45:39.171+0000] {docker.py:429} INFO - found org.checkerframework#checker-qual;3.19.0 in central
[2026-03-06T10:45:39.272+0000] {docker.py:429} INFO - found com.google.errorprone#error_prone_annotations;2.10.0 in central
[2026-03-06T10:45:39.347+0000] {docker.py:429} INFO - found org.roaringbitmap#RoaringBitmap;1.3.0 in central
[2026-03-06T10:45:39.440+0000] {docker.py:429} INFO - found com.google.api-client#google-api-client;2.2.0 in central
[2026-03-06T10:45:39.635+0000] {docker.py:429} INFO - found com.google.oauth-client#google-oauth-client;1.34.1 in central
[2026-03-06T10:45:39.740+0000] {docker.py:429} INFO - found com.google.http-client#google-http-client;1.42.3 in central
[2026-03-06T10:45:39.794+0000] {docker.py:429} INFO - found org.apache.httpcomponents#httpclient;4.5.14 in central
[2026-03-06T10:45:39.849+0000] {docker.py:429} INFO - found org.apache.httpcomponents#httpcore;4.4.16 in central
[2026-03-06T10:45:39.906+0000] {docker.py:429} INFO - found commons-logging#commons-logging;1.2 in central
[2026-03-06T10:45:40.052+0000] {docker.py:429} INFO - found com.google.code.findbugs#jsr305;3.0.2 in central
[2026-03-06T10:45:40.170+0000] {docker.py:429} INFO - found com.google.errorprone#error_prone_annotations;2.16 in central
[2026-03-06T10:45:40.261+0000] {docker.py:429} INFO - found com.google.guava#guava;31.1-jre in central
[2026-03-06T10:45:40.348+0000] {docker.py:429} INFO - found com.google.guava#failureaccess;1.0.1 in central
[2026-03-06T10:45:40.390+0000] {docker.py:429} INFO - found com.google.guava#listenablefuture;9999.0-empty-to-avoid-conflict-with-guava in central
[2026-03-06T10:45:40.433+0000] {docker.py:429} INFO - found com.google.j2objc#j2objc-annotations;1.3 in central
[2026-03-06T10:45:40.478+0000] {docker.py:429} INFO - found io.opencensus#opencensus-api;0.31.1 in central
[2026-03-06T10:45:40.562+0000] {docker.py:429} INFO - found io.grpc#grpc-context;1.27.2 in central
[2026-03-06T10:45:40.629+0000] {docker.py:429} INFO - found io.opencensus#opencensus-contrib-http-util;0.31.1 in central
[2026-03-06T10:45:40.691+0000] {docker.py:429} INFO - found com.google.http-client#google-http-client-gson;1.42.3 in central
[2026-03-06T10:45:40.833+0000] {docker.py:429} INFO - found com.google.code.gson#gson;2.10.1 in central
[2026-03-06T10:45:41.022+0000] {docker.py:429} INFO - found com.google.http-client#google-http-client-apache-v2;1.42.3 in central
[2026-03-06T10:45:41.423+0000] {docker.py:429} INFO - :: resolution report :: resolve 6785ms :: artifacts dl 280ms
[2026-03-06T10:45:41.424+0000] {docker.py:429} INFO - :: modules in use:
[2026-03-06T10:45:41.425+0000] {docker.py:429} INFO - com.fasterxml.jackson.core#jackson-annotations;2.19.2 from central in [default]
[2026-03-06T10:45:41.434+0000] {docker.py:429} INFO - com.fasterxml.jackson.core#jackson-core;2.19.2 from central in [default]
[2026-03-06T10:45:41.440+0000] {docker.py:429} INFO - com.fasterxml.jackson.core#jackson-databind;2.19.2 from central in [default]
[2026-03-06T10:45:41.449+0000] {docker.py:429} INFO - com.github.ben-manes.caffeine#caffeine;2.9.3 from central in [default]
	com.google.api-client#google-api-client;2.2.0 from central in [default]
	com.google.code.findbugs#jsr305;3.0.2 from central in [default]
	com.google.code.gson#gson;2.10.1 from central in [default]
	com.google.errorprone#error_prone_annotations;2.16 from central in [default]
	com.google.guava#failureaccess;1.0.1 from central in [default]
	com.google.guava#guava;31.1-jre from central in [default]
	com.google.guava#listenablefuture;9999.0-empty-to-avoid-conflict-with-guava from central in [default]
	com.google.http-client#google-http-client;1.42.3 from central in [default]
	com.google.http-client#google-http-client-apache-v2;1.42.3 from central in [default]
	com.google.http-client#google-http-client-gson;1.42.3 from central in [default]
	com.google.j2objc#j2objc-annotations;1.3 from central in [default]
	com.google.oauth-client#google-oauth-client;1.34.1 from central in [default]
	commons-codec#commons-codec;1.17.0 from central in [default]
	commons-io#commons-io;2.16.1 from central in [default]
	commons-logging#commons-logging;1.2 from central in [default]
	io.airlift#aircompressor;0.27 from central in [default]
	io.grpc#grpc-context;1.27.2 from central in [default]
	io.opencensus#opencensus-api;0.31.1 from central in [default]
	io.opencensus#opencensus-contrib-http-util;0.31.1 from central in [default]
	org.apache.avro#avro;1.12.0 from central in [default]
	org.apache.commons#commons-compress;1.26.2 from central in [default]
	org.apache.commons#commons-lang3;3.15.0 from central in [default]
	org.apache.httpcomponents#httpclient;4.5.14 from central in [default]
	org.apache.httpcomponents#httpcore;4.4.16 from central in [default]
	org.apache.httpcomponents.client5#httpclient5;5.5 from central in [default]
	org.apache.httpcomponents.core5#httpcore5;5.3.4 from central in [default]
	org.apache.httpcomponents.core5#httpcore5-h2;5.3.4 from central in [default]
	org.apache.iceberg#iceberg-api;1.10.1 from central in [default]
	org.apache.iceberg#iceberg-bundled-guava;1.10.1 from central in [default]
	org.apache.iceberg#iceberg-common;1.10.1 from central in [default]
	org.apache.iceberg#iceberg-core;1.10.1 from central in [default]
	org.apache.iceberg#iceberg-gcp;1.10.1 from central in [default]
	org.apache.iceberg#iceberg-spark-runtime-4.0_2.13;1.10.1 from central in [default]
	org.checkerframework#checker-qual;3.19.0 from central in [default]
	org.roaringbitmap#RoaringBitmap;1.3.0 from central in [default]
	org.slf4j#slf4j-api;2.0.17 from central in [default]
	:: evicted modules:
	org.slf4j#slf4j-api;2.0.13 by [org.slf4j#slf4j-api;2.0.17] in [default]
	org.slf4j#slf4j-api;1.7.36 by [org.slf4j#slf4j-api;2.0.17] in [default]
	com.google.errorprone#error_prone_annotations;2.10.0 by [com.google.errorprone#error_prone_annotations;2.16] in [default]
	commons-codec#commons-codec;1.15 by [commons-codec#commons-codec;1.17.0] in [default]
	org.checkerframework#checker-qual;3.12.0 by [org.checkerframework#checker-qual;3.19.0] in [default]
	com.google.http-client#google-http-client-gson;1.41.0 by [com.google.http-client#google-http-client-gson;1.42.3] in [default]
	---------------------------------------------------------------------
	|                  |            modules            ||   artifacts   |
	|       conf       | number| search|dwnlded|evicted|| number|dwnlded|
	---------------------------------------------------------------------
	|      default     |   46  |   0   |   0   |   6   ||   40  |   0   |
[2026-03-06T10:45:41.453+0000] {docker.py:429} INFO - ---------------------------------------------------------------------
[2026-03-06T10:45:41.492+0000] {docker.py:429} INFO - :: retrieving :: org.apache.spark#spark-submit-parent-90ec70e4-a062-4e37-a87c-c60311b16b60
[2026-03-06T10:45:41.493+0000] {docker.py:429} INFO - confs: [default]
[2026-03-06T10:45:41.596+0000] {docker.py:429} INFO - 0 artifacts copied, 40 already retrieved (0kB/103ms)
[2026-03-06T10:45:43.039+0000] {docker.py:429} INFO - 26/03/06 10:45:43 WARN NativeCodeLoader: Unable to load native-hadoop library for your platform... using builtin-java classes where applicable
[2026-03-06T10:45:44.320+0000] {docker.py:429} INFO - Using Spark's default log4j profile: org/apache/spark/log4j2-defaults.properties
Setting default log level to "WARN".
To adjust logging level use sc.setLogLevel(newLevel). For SparkR, use setLogLevel(newLevel).
[2026-03-06T10:46:20.646+0000] {docker.py:429} INFO - [Stage 0:>                                                          (0 + 1) / 1]
[2026-03-06T10:46:25.038+0000] {docker.py:429} INFO - [Stage 2:>                                                          (0 + 1) / 1]
[2026-03-06T10:46:25.661+0000] {docker.py:429} INFO - 
[2026-03-06T10:46:29.687+0000] {docker.py:429} INFO - Reading bronze table: local_catalog.ecommerce.bronze_orders
root
 |-- userId: string (nullable = true)
 |-- id: string (nullable = true)
 |-- title: string (nullable = true)
 |-- body: string (nullable = true)
 |-- ingest_date: date (nullable = true)

Written 200 rows to local_catalog.ecommerce.silver_orders
[2026-03-06 10:46:29.679690] Table: local_catalog.ecommerce.silver_orders | Snapshot ID: 5467420466926580044 | Committed At: 2026-03-06 10:46:26.392000
Silver snapshot ID: 5467420466926580044
[2026-03-06T10:46:32.693+0000] {taskinstance.py:441} INFO - ::group::Post task execution logs
[2026-03-06T10:46:34.408+0000] {taskinstance.py:1206} INFO - Marking task as SUCCESS. dag_id=ecommerce_iceberg_pipeline, task_id=silver_transform, run_id=scheduled__2026-03-05T00:00:00+00:00, execution_date=20260305T000000, start_date=20260306T104509, end_date=20260306T104634
[2026-03-06T10:46:34.938+0000] {local_task_job_runner.py:243} INFO - Task exited with return code 0
[2026-03-06T10:46:36.247+0000] {taskinstance.py:3503} INFO - 0 downstream tasks scheduled from follow-on schedule check
[2026-03-06T10:46:36.254+0000] {local_task_job_runner.py:222} INFO - ::endgroup::
