[2026-03-06T10:31:43.592+0000] {local_task_job_runner.py:120} INFO - ::group::Pre task execution logs
[2026-03-06T10:31:43.754+0000] {taskinstance.py:2076} INFO - Dependencies all met for dep_context=non-requeueable deps ti=<TaskInstance: ecommerce_iceberg_pipeline.silver_transform manual__2026-03-06T10:22:04.256924+00:00 [queued]>
[2026-03-06T10:31:43.816+0000] {taskinstance.py:2076} INFO - Dependencies all met for dep_context=requeueable deps ti=<TaskInstance: ecommerce_iceberg_pipeline.silver_transform manual__2026-03-06T10:22:04.256924+00:00 [queued]>
[2026-03-06T10:31:43.824+0000] {taskinstance.py:2306} INFO - Starting attempt 2 of 3
[2026-03-06T10:31:43.876+0000] {taskinstance.py:2330} INFO - Executing <Task(DockerOperator): silver_transform> on 2026-03-06 10:22:04.256924+00:00
[2026-03-06T10:31:43.916+0000] {standard_task_runner.py:64} INFO - Started process 430 to run task
[2026-03-06T10:31:43.962+0000] {standard_task_runner.py:90} INFO - Running: ['***', 'tasks', 'run', 'ecommerce_iceberg_pipeline', 'silver_transform', 'manual__2026-03-06T10:22:04.256924+00:00', '--job-id', '7', '--raw', '--subdir', 'DAGS_FOLDER/iceberg_dag.py', '--cfg-path', '/tmp/tmp722ucc48']
[2026-03-06T10:31:43.983+0000] {standard_task_runner.py:91} INFO - Job 7: Subtask silver_transform
[2026-03-06T10:31:44.315+0000] {task_command.py:426} INFO - Running <TaskInstance: ecommerce_iceberg_pipeline.silver_transform manual__2026-03-06T10:22:04.256924+00:00 [running]> on host 0b86c3ec65fe
[2026-03-06T10:31:44.669+0000] {taskinstance.py:2648} INFO - Exporting env vars: AIRFLOW_CTX_DAG_OWNER='data-engineering' AIRFLOW_CTX_DAG_ID='ecommerce_iceberg_pipeline' AIRFLOW_CTX_TASK_ID='silver_transform' AIRFLOW_CTX_EXECUTION_DATE='2026-03-06T10:22:04.256924+00:00' AIRFLOW_CTX_TRY_NUMBER='2' AIRFLOW_CTX_DAG_RUN_ID='manual__2026-03-06T10:22:04.256924+00:00'
[2026-03-06T10:31:44.670+0000] {taskinstance.py:430} INFO - ::endgroup::
[2026-03-06T10:31:44.797+0000] {docker.py:359} INFO - Starting docker container from image spark-iceberg:latest
[2026-03-06T10:31:44.851+0000] {taskinstance.py:441} INFO - ::group::Post task execution logs
[2026-03-06T10:31:44.852+0000] {taskinstance.py:2905} ERROR - Task failed with exception
Traceback (most recent call last):
  File "/home/airflow/.local/lib/python3.11/site-packages/docker/api/client.py", line 275, in _raise_for_status
    response.raise_for_status()
  File "/home/airflow/.local/lib/python3.11/site-packages/requests/models.py", line 1021, in raise_for_status
    raise HTTPError(http_error_msg, response=self)
requests.exceptions.HTTPError: 400 Client Error: Bad Request for url: http+docker://localhost/v1.52/containers/create

The above exception was the direct cause of the following exception:

Traceback (most recent call last):
  File "/home/airflow/.local/lib/python3.11/site-packages/airflow/models/taskinstance.py", line 465, in _execute_task
    result = _execute_callable(context=context, **execute_callable_kwargs)
             ^^^^^^^^^^^^^^^^^^^^^^^^^^^^^^^^^^^^^^^^^^^^^^^^^^^^^^^^^^^^^
  File "/home/airflow/.local/lib/python3.11/site-packages/airflow/models/taskinstance.py", line 432, in _execute_callable
    return execute_callable(context=context, **execute_callable_kwargs)
           ^^^^^^^^^^^^^^^^^^^^^^^^^^^^^^^^^^^^^^^^^^^^^^^^^^^^^^^^^^^^
  File "/home/airflow/.local/lib/python3.11/site-packages/airflow/models/baseoperator.py", line 401, in wrapper
    return func(self, *args, **kwargs)
           ^^^^^^^^^^^^^^^^^^^^^^^^^^^
  File "/home/airflow/.local/lib/python3.11/site-packages/airflow/providers/docker/operators/docker.py", line 502, in execute
    return self._run_image()
           ^^^^^^^^^^^^^^^^^
  File "/home/airflow/.local/lib/python3.11/site-packages/airflow/providers/docker/operators/docker.py", line 376, in _run_image
    return self._run_image_with_mounts(self.mounts, add_tmp_variable=False)
           ^^^^^^^^^^^^^^^^^^^^^^^^^^^^^^^^^^^^^^^^^^^^^^^^^^^^^^^^^^^^^^^^
  File "/home/airflow/.local/lib/python3.11/site-packages/airflow/providers/docker/operators/docker.py", line 391, in _run_image_with_mounts
    self.container = self.cli.create_container(
                     ^^^^^^^^^^^^^^^^^^^^^^^^^^
  File "/home/airflow/.local/lib/python3.11/site-packages/docker/api/container.py", line 440, in create_container
    return self.create_container_from_config(config, name, platform)
           ^^^^^^^^^^^^^^^^^^^^^^^^^^^^^^^^^^^^^^^^^^^^^^^^^^^^^^^^^
  File "/home/airflow/.local/lib/python3.11/site-packages/docker/api/container.py", line 457, in create_container_from_config
    return self._result(res, True)
           ^^^^^^^^^^^^^^^^^^^^^^^
  File "/home/airflow/.local/lib/python3.11/site-packages/docker/api/client.py", line 281, in _result
    self._raise_for_status(response)
  File "/home/airflow/.local/lib/python3.11/site-packages/docker/api/client.py", line 277, in _raise_for_status
    raise create_api_error_from_http_exception(e) from e
          ^^^^^^^^^^^^^^^^^^^^^^^^^^^^^^^^^^^^^^^
  File "/home/airflow/.local/lib/python3.11/site-packages/docker/errors.py", line 39, in create_api_error_from_http_exception
    raise cls(e, response=response, explanation=explanation) from e
docker.errors.APIError: 400 Client Error for http+docker://localhost/v1.52/containers/create: Bad Request ("invalid mount config for type "bind": bind source path does not exist: /tmp/iceberg-warehouse")
[2026-03-06T10:31:44.893+0000] {taskinstance.py:1206} INFO - Marking task as UP_FOR_RETRY. dag_id=ecommerce_iceberg_pipeline, task_id=silver_transform, run_id=manual__2026-03-06T10:22:04.256924+00:00, execution_date=20260306T102204, start_date=20260306T103143, end_date=20260306T103144
[2026-03-06T10:31:44.928+0000] {standard_task_runner.py:110} ERROR - Failed to execute job 7 for task silver_transform (400 Client Error for http+docker://localhost/v1.52/containers/create: Bad Request ("invalid mount config for type "bind": bind source path does not exist: /tmp/iceberg-warehouse"); 430)
[2026-03-06T10:31:44.987+0000] {local_task_job_runner.py:243} INFO - Task exited with return code 1
[2026-03-06T10:31:45.042+0000] {taskinstance.py:3503} INFO - 0 downstream tasks scheduled from follow-on schedule check
[2026-03-06T10:31:45.045+0000] {local_task_job_runner.py:222} INFO - ::endgroup::
