[2026-03-06T10:25:20.476+0000] {local_task_job_runner.py:120} INFO - ::group::Pre task execution logs
[2026-03-06T10:25:20.607+0000] {taskinstance.py:2076} INFO - Dependencies all met for dep_context=non-requeueable deps ti=<TaskInstance: ecommerce_iceberg_pipeline.silver_transform manual__2026-03-06T10:22:04.256924+00:00 [queued]>
[2026-03-06T10:25:20.627+0000] {taskinstance.py:2076} INFO - Dependencies all met for dep_context=requeueable deps ti=<TaskInstance: ecommerce_iceberg_pipeline.silver_transform manual__2026-03-06T10:22:04.256924+00:00 [queued]>
[2026-03-06T10:25:20.628+0000] {taskinstance.py:2306} INFO - Starting attempt 1 of 3
[2026-03-06T10:25:20.650+0000] {taskinstance.py:2330} INFO - Executing <Task(DockerOperator): silver_transform> on 2026-03-06 10:22:04.256924+00:00
[2026-03-06T10:25:20.666+0000] {standard_task_runner.py:64} INFO - Started process 366 to run task
[2026-03-06T10:25:20.672+0000] {standard_task_runner.py:90} INFO - Running: ['***', 'tasks', 'run', 'ecommerce_iceberg_pipeline', 'silver_transform', 'manual__2026-03-06T10:22:04.256924+00:00', '--job-id', '5', '--raw', '--subdir', 'DAGS_FOLDER/iceberg_dag.py', '--cfg-path', '/tmp/tmpr7sc15xd']
[2026-03-06T10:25:20.677+0000] {standard_task_runner.py:91} INFO - Job 5: Subtask silver_transform
[2026-03-06T10:25:20.873+0000] {task_command.py:426} INFO - Running <TaskInstance: ecommerce_iceberg_pipeline.silver_transform manual__2026-03-06T10:22:04.256924+00:00 [running]> on host 0b86c3ec65fe
[2026-03-06T10:25:21.734+0000] {taskinstance.py:2648} INFO - Exporting env vars: AIRFLOW_CTX_DAG_OWNER='data-engineering' AIRFLOW_CTX_DAG_ID='ecommerce_iceberg_pipeline' AIRFLOW_CTX_TASK_ID='silver_transform' AIRFLOW_CTX_EXECUTION_DATE='2026-03-06T10:22:04.256924+00:00' AIRFLOW_CTX_TRY_NUMBER='1' AIRFLOW_CTX_DAG_RUN_ID='manual__2026-03-06T10:22:04.256924+00:00'
[2026-03-06T10:25:21.736+0000] {taskinstance.py:430} INFO - ::endgroup::
[2026-03-06T10:25:22.049+0000] {docker.py:359} INFO - Starting docker container from image spark-iceberg:latest
[2026-03-06T10:25:30.975+0000] {docker.py:429} INFO - WARNING: Using incubator modules: jdk.incubator.vector
[2026-03-06T10:25:43.196+0000] {docker.py:429} INFO - :: loading settings :: url = jar:file:/opt/spark/jars/ivy-2.5.3.jar!/org/apache/ivy/core/settings/ivysettings.xml
[2026-03-06T10:25:43.589+0000] {docker.py:429} INFO - Ivy Default Cache set to: /opt/spark/.ivy2/cache
The jars for the packages stored in: /opt/spark/.ivy2/jars
[2026-03-06T10:25:43.591+0000] {docker.py:429} INFO - org.apache.iceberg#iceberg-spark-runtime-4.0_2.13 added as a dependency
org.apache.iceberg#iceberg-gcp added as a dependency
[2026-03-06T10:25:43.598+0000] {docker.py:429} INFO - com.google.api-client#google-api-client added as a dependency
com.google.http-client#google-http-client-gson added as a dependency
com.google.oauth-client#google-oauth-client added as a dependency
[2026-03-06T10:25:43.610+0000] {docker.py:429} INFO - :: resolving dependencies :: org.apache.spark#spark-submit-parent-3c2858e6-131e-4401-9e24-5d835f7507f6;1.0
	confs: [default]
[2026-03-06T10:25:44.322+0000] {docker.py:429} INFO - found org.apache.iceberg#iceberg-spark-runtime-4.0_2.13;1.10.1 in central
[2026-03-06T10:25:44.550+0000] {docker.py:429} INFO - found org.apache.iceberg#iceberg-gcp;1.10.1 in central
[2026-03-06T10:25:44.680+0000] {docker.py:429} INFO - found org.apache.iceberg#iceberg-api;1.10.1 in central
[2026-03-06T10:25:44.884+0000] {docker.py:429} INFO - found org.slf4j#slf4j-api;2.0.17 in central
[2026-03-06T10:25:44.999+0000] {docker.py:429} INFO - found org.apache.iceberg#iceberg-bundled-guava;1.10.1 in central
[2026-03-06T10:25:45.276+0000] {docker.py:429} INFO - found org.apache.iceberg#iceberg-common;1.10.1 in central
[2026-03-06T10:25:45.647+0000] {docker.py:429} INFO - found org.apache.iceberg#iceberg-core;1.10.1 in central
[2026-03-06T10:25:46.032+0000] {docker.py:429} INFO - found org.apache.avro#avro;1.12.0 in central
[2026-03-06T10:25:46.133+0000] {docker.py:429} INFO - found com.fasterxml.jackson.core#jackson-core;2.19.2 in central
[2026-03-06T10:25:46.365+0000] {docker.py:429} INFO - found com.fasterxml.jackson.core#jackson-databind;2.19.2 in central
[2026-03-06T10:25:46.609+0000] {docker.py:429} INFO - found com.fasterxml.jackson.core#jackson-annotations;2.19.2 in central
[2026-03-06T10:25:47.186+0000] {docker.py:429} INFO - found org.apache.commons#commons-compress;1.26.2 in central
[2026-03-06T10:25:47.585+0000] {docker.py:429} INFO - found commons-codec#commons-codec;1.17.0 in central
[2026-03-06T10:25:47.894+0000] {docker.py:429} INFO - found commons-io#commons-io;2.16.1 in central
[2026-03-06T10:25:48.127+0000] {docker.py:429} INFO - found org.apache.commons#commons-lang3;3.15.0 in central
[2026-03-06T10:25:48.448+0000] {docker.py:429} INFO - found io.airlift#aircompressor;0.27 in central
[2026-03-06T10:25:48.656+0000] {docker.py:429} INFO - found org.apache.httpcomponents.client5#httpclient5;5.5 in central
[2026-03-06T10:25:48.846+0000] {docker.py:429} INFO - found org.apache.httpcomponents.core5#httpcore5;5.3.4 in central
[2026-03-06T10:25:49.060+0000] {docker.py:429} INFO - found org.apache.httpcomponents.core5#httpcore5-h2;5.3.4 in central
[2026-03-06T10:25:49.472+0000] {docker.py:429} INFO - found com.github.ben-manes.caffeine#caffeine;2.9.3 in central
[2026-03-06T10:25:49.655+0000] {docker.py:429} INFO - found org.checkerframework#checker-qual;3.19.0 in central
[2026-03-06T10:25:50.114+0000] {docker.py:429} INFO - found com.google.errorprone#error_prone_annotations;2.10.0 in central
[2026-03-06T10:25:50.356+0000] {docker.py:429} INFO - found org.roaringbitmap#RoaringBitmap;1.3.0 in central
[2026-03-06T10:25:50.418+0000] {docker.py:429} INFO - found com.google.api-client#google-api-client;2.2.0 in central
[2026-03-06T10:25:50.754+0000] {docker.py:429} INFO - found com.google.oauth-client#google-oauth-client;1.34.1 in central
[2026-03-06T10:25:51.940+0000] {docker.py:429} INFO - found com.google.http-client#google-http-client;1.42.3 in central
[2026-03-06T10:25:52.396+0000] {docker.py:429} INFO - found org.apache.httpcomponents#httpclient;4.5.14 in central
[2026-03-06T10:25:52.530+0000] {docker.py:429} INFO - found org.apache.httpcomponents#httpcore;4.4.16 in central
[2026-03-06T10:25:52.599+0000] {docker.py:429} INFO - found commons-logging#commons-logging;1.2 in central
[2026-03-06T10:25:52.801+0000] {docker.py:429} INFO - found com.google.code.findbugs#jsr305;3.0.2 in central
[2026-03-06T10:25:52.891+0000] {docker.py:429} INFO - found com.google.errorprone#error_prone_annotations;2.16 in central
[2026-03-06T10:25:53.018+0000] {docker.py:429} INFO - found com.google.guava#guava;31.1-jre in central
[2026-03-06T10:25:53.074+0000] {docker.py:429} INFO - found com.google.guava#failureaccess;1.0.1 in central
[2026-03-06T10:25:53.119+0000] {docker.py:429} INFO - found com.google.guava#listenablefuture;9999.0-empty-to-avoid-conflict-with-guava in central
[2026-03-06T10:25:53.304+0000] {docker.py:429} INFO - found com.google.j2objc#j2objc-annotations;1.3 in central
[2026-03-06T10:25:53.493+0000] {docker.py:429} INFO - found io.opencensus#opencensus-api;0.31.1 in central
[2026-03-06T10:25:54.394+0000] {docker.py:429} INFO - found io.grpc#grpc-context;1.27.2 in central
[2026-03-06T10:25:55.036+0000] {docker.py:429} INFO - found io.opencensus#opencensus-contrib-http-util;0.31.1 in central
[2026-03-06T10:25:55.618+0000] {docker.py:429} INFO - found com.google.http-client#google-http-client-gson;1.42.3 in central
[2026-03-06T10:25:55.729+0000] {docker.py:429} INFO - found com.google.code.gson#gson;2.10.1 in central
[2026-03-06T10:25:55.829+0000] {docker.py:429} INFO - found com.google.http-client#google-http-client-apache-v2;1.42.3 in central
[2026-03-06T10:25:57.201+0000] {docker.py:429} INFO - :: resolution report :: resolve 13320ms :: artifacts dl 287ms
[2026-03-06T10:25:57.204+0000] {docker.py:429} INFO - :: modules in use:
[2026-03-06T10:25:57.207+0000] {docker.py:429} INFO - com.fasterxml.jackson.core#jackson-annotations;2.19.2 from central in [default]
[2026-03-06T10:25:57.212+0000] {docker.py:429} INFO - com.fasterxml.jackson.core#jackson-core;2.19.2 from central in [default]
	com.fasterxml.jackson.core#jackson-databind;2.19.2 from central in [default]
	com.github.ben-manes.caffeine#caffeine;2.9.3 from central in [default]
	com.google.api-client#google-api-client;2.2.0 from central in [default]
	com.google.code.findbugs#jsr305;3.0.2 from central in [default]
	com.google.code.gson#gson;2.10.1 from central in [default]
	com.google.errorprone#error_prone_annotations;2.16 from central in [default]
	com.google.guava#failureaccess;1.0.1 from central in [default]
	com.google.guava#guava;31.1-jre from central in [default]
	com.google.guava#listenablefuture;9999.0-empty-to-avoid-conflict-with-guava from central in [default]
	com.google.http-client#google-http-client;1.42.3 from central in [default]
	com.google.http-client#google-http-client-apache-v2;1.42.3 from central in [default]
	com.google.http-client#google-http-client-gson;1.42.3 from central in [default]
	com.google.j2objc#j2objc-annotations;1.3 from central in [default]
	com.google.oauth-client#google-oauth-client;1.34.1 from central in [default]
	commons-codec#commons-codec;1.17.0 from central in [default]
	commons-io#commons-io;2.16.1 from central in [default]
	commons-logging#commons-logging;1.2 from central in [default]
	io.airlift#aircompressor;0.27 from central in [default]
	io.grpc#grpc-context;1.27.2 from central in [default]
	io.opencensus#opencensus-api;0.31.1 from central in [default]
	io.opencensus#opencensus-contrib-http-util;0.31.1 from central in [default]
	org.apache.avro#avro;1.12.0 from central in [default]
	org.apache.commons#commons-compress;1.26.2 from central in [default]
[2026-03-06T10:25:57.215+0000] {docker.py:429} INFO - org.apache.commons#commons-lang3;3.15.0 from central in [default]
[2026-03-06T10:25:57.218+0000] {docker.py:429} INFO - org.apache.httpcomponents#httpclient;4.5.14 from central in [default]
[2026-03-06T10:25:57.229+0000] {docker.py:429} INFO - org.apache.httpcomponents#httpcore;4.4.16 from central in [default]
[2026-03-06T10:25:57.231+0000] {docker.py:429} INFO - org.apache.httpcomponents.client5#httpclient5;5.5 from central in [default]
	org.apache.httpcomponents.core5#httpcore5;5.3.4 from central in [default]
	org.apache.httpcomponents.core5#httpcore5-h2;5.3.4 from central in [default]
	org.apache.iceberg#iceberg-api;1.10.1 from central in [default]
	org.apache.iceberg#iceberg-bundled-guava;1.10.1 from central in [default]
	org.apache.iceberg#iceberg-common;1.10.1 from central in [default]
	org.apache.iceberg#iceberg-core;1.10.1 from central in [default]
	org.apache.iceberg#iceberg-gcp;1.10.1 from central in [default]
	org.apache.iceberg#iceberg-spark-runtime-4.0_2.13;1.10.1 from central in [default]
	org.checkerframework#checker-qual;3.19.0 from central in [default]
	org.roaringbitmap#RoaringBitmap;1.3.0 from central in [default]
	org.slf4j#slf4j-api;2.0.17 from central in [default]
[2026-03-06T10:25:57.233+0000] {docker.py:429} INFO - :: evicted modules:
	org.slf4j#slf4j-api;2.0.13 by [org.slf4j#slf4j-api;2.0.17] in [default]
	org.slf4j#slf4j-api;1.7.36 by [org.slf4j#slf4j-api;2.0.17] in [default]
	com.google.errorprone#error_prone_annotations;2.10.0 by [com.google.errorprone#error_prone_annotations;2.16] in [default]
	commons-codec#commons-codec;1.15 by [commons-codec#commons-codec;1.17.0] in [default]
	org.checkerframework#checker-qual;3.12.0 by [org.checkerframework#checker-qual;3.19.0] in [default]
	com.google.http-client#google-http-client-gson;1.41.0 by [com.google.http-client#google-http-client-gson;1.42.3] in [default]
	---------------------------------------------------------------------
	|                  |            modules            ||   artifacts   |
	|       conf       | number| search|dwnlded|evicted|| number|dwnlded|
	---------------------------------------------------------------------
[2026-03-06T10:25:57.237+0000] {docker.py:429} INFO - |      default     |   46  |   0   |   0   |   6   ||   40  |   0   |
[2026-03-06T10:25:57.243+0000] {docker.py:429} INFO - ---------------------------------------------------------------------
[2026-03-06T10:25:57.274+0000] {docker.py:429} INFO - :: retrieving :: org.apache.spark#spark-submit-parent-3c2858e6-131e-4401-9e24-5d835f7507f6
[2026-03-06T10:25:57.280+0000] {docker.py:429} INFO - confs: [default]
[2026-03-06T10:25:57.388+0000] {docker.py:429} INFO - 0 artifacts copied, 40 already retrieved (0kB/111ms)
[2026-03-06T10:25:59.010+0000] {docker.py:429} INFO - 26/03/06 10:25:59 WARN NativeCodeLoader: Unable to load native-hadoop library for your platform... using builtin-java classes where applicable
[2026-03-06T10:25:59.936+0000] {docker.py:429} INFO - Using Spark's default log4j profile: org/apache/spark/log4j2-defaults.properties
[2026-03-06T10:25:59.939+0000] {docker.py:429} INFO - Setting default log level to "
[2026-03-06T10:25:59.944+0000] {docker.py:429} INFO - WARN
[2026-03-06T10:25:59.948+0000] {docker.py:429} INFO - ".
To adjust logging level use sc.setLogLevel(newLevel). For SparkR, use setLogLevel(newLevel).
[2026-03-06T10:26:34.673+0000] {docker.py:429} INFO - Reading bronze table: local_catalog.ecommerce.bronze_orders
[2026-03-06T10:26:34.675+0000] {docker.py:429} INFO - Traceback (most recent call last):
  File "/opt/spark/src/silver_transform.py", line 78, in <module>
    transform_silver()
  File "/opt/spark/src/silver_transform.py", line 27, in transform_silver
[2026-03-06T10:26:34.676+0000] {docker.py:429} INFO - df_bronze = spark.table(TABLE_BRONZE)
  File "/opt/venv/lib/python3.10/site-packages/pyspark/sql/session.py", line 1859, in table
[2026-03-06T10:26:34.677+0000] {docker.py:429} INFO - return DataFrame(self._jsparkSession.table(tableName), self)
[2026-03-06T10:26:34.678+0000] {docker.py:429} INFO - File "/opt/venv/lib/python3.10/site-packages/py4j/java_gateway.py", line 1362, in __call__
    return_value = get_return_value(
  File "/opt/venv/lib/python3.10/site-packages/pyspark/errors/exceptions/captured.py", line 288, in deco
    raise converted from None
[2026-03-06T10:26:34.688+0000] {docker.py:429} INFO - pyspark.errors.exceptions.captured.AnalysisException: [TABLE_OR_VIEW_NOT_FOUND] The table or view `local_catalog`.`ecommerce`.`bronze_orders` cannot be found. Verify the spelling and correctness of the schema and catalog.
If you did not qualify the name with a schema, verify the current_schema() output, or qualify the name with the correct schema and catalog.
To tolerate the error on drop use DROP VIEW IF EXISTS or DROP TABLE IF EXISTS. SQLSTATE: 42P01;
'UnresolvedRelation [local_catalog, ecommerce, bronze_orders], [], false
[2026-03-06T10:26:36.243+0000] {taskinstance.py:441} INFO - ::group::Post task execution logs
[2026-03-06T10:26:36.588+0000] {taskinstance.py:2905} ERROR - Task failed with exception
Traceback (most recent call last):
  File "/home/airflow/.local/lib/python3.11/site-packages/airflow/models/taskinstance.py", line 465, in _execute_task
    result = _execute_callable(context=context, **execute_callable_kwargs)
             ^^^^^^^^^^^^^^^^^^^^^^^^^^^^^^^^^^^^^^^^^^^^^^^^^^^^^^^^^^^^^
  File "/home/airflow/.local/lib/python3.11/site-packages/airflow/models/taskinstance.py", line 432, in _execute_callable
    return execute_callable(context=context, **execute_callable_kwargs)
           ^^^^^^^^^^^^^^^^^^^^^^^^^^^^^^^^^^^^^^^^^^^^^^^^^^^^^^^^^^^^
  File "/home/airflow/.local/lib/python3.11/site-packages/airflow/models/baseoperator.py", line 401, in wrapper
    return func(self, *args, **kwargs)
           ^^^^^^^^^^^^^^^^^^^^^^^^^^^
  File "/home/airflow/.local/lib/python3.11/site-packages/airflow/providers/docker/operators/docker.py", line 502, in execute
    return self._run_image()
           ^^^^^^^^^^^^^^^^^
  File "/home/airflow/.local/lib/python3.11/site-packages/airflow/providers/docker/operators/docker.py", line 376, in _run_image
    return self._run_image_with_mounts(self.mounts, add_tmp_variable=False)
           ^^^^^^^^^^^^^^^^^^^^^^^^^^^^^^^^^^^^^^^^^^^^^^^^^^^^^^^^^^^^^^^^
  File "/home/airflow/.local/lib/python3.11/site-packages/airflow/providers/docker/operators/docker.py", line 437, in _run_image_with_mounts
    raise DockerContainerFailedException(f"Docker container failed: {result!r}", logs=log_lines)
airflow.providers.docker.exceptions.DockerContainerFailedException: Docker container failed: {'StatusCode': 1}
[2026-03-06T10:26:36.684+0000] {taskinstance.py:1206} INFO - Marking task as UP_FOR_RETRY. dag_id=ecommerce_iceberg_pipeline, task_id=silver_transform, run_id=manual__2026-03-06T10:22:04.256924+00:00, execution_date=20260306T102204, start_date=20260306T102520, end_date=20260306T102636
[2026-03-06T10:26:37.056+0000] {standard_task_runner.py:110} ERROR - Failed to execute job 5 for task silver_transform (Docker container failed: {'StatusCode': 1}; 366)
[2026-03-06T10:26:37.248+0000] {local_task_job_runner.py:243} INFO - Task exited with return code 1
[2026-03-06T10:26:37.822+0000] {taskinstance.py:3503} INFO - 0 downstream tasks scheduled from follow-on schedule check
[2026-03-06T10:26:37.999+0000] {local_task_job_runner.py:222} INFO - ::endgroup::
