[2026-03-06T10:22:15.312+0000] {local_task_job_runner.py:120} INFO - ::group::Pre task execution logs
[2026-03-06T10:22:15.477+0000] {taskinstance.py:2076} INFO - Dependencies all met for dep_context=non-requeueable deps ti=<TaskInstance: ecommerce_iceberg_pipeline.bronze_ingest manual__2026-03-06T10:22:04.256924+00:00 [queued]>
[2026-03-06T10:22:15.491+0000] {taskinstance.py:2076} INFO - Dependencies all met for dep_context=requeueable deps ti=<TaskInstance: ecommerce_iceberg_pipeline.bronze_ingest manual__2026-03-06T10:22:04.256924+00:00 [queued]>
[2026-03-06T10:22:15.495+0000] {taskinstance.py:2306} INFO - Starting attempt 1 of 3
[2026-03-06T10:22:15.520+0000] {taskinstance.py:2330} INFO - Executing <Task(DockerOperator): bronze_ingest> on 2026-03-06 10:22:04.256924+00:00
[2026-03-06T10:22:15.534+0000] {standard_task_runner.py:64} INFO - Started process 331 to run task
[2026-03-06T10:22:15.541+0000] {standard_task_runner.py:90} INFO - Running: ['***', 'tasks', 'run', 'ecommerce_iceberg_pipeline', 'bronze_ingest', 'manual__2026-03-06T10:22:04.256924+00:00', '--job-id', '2', '--raw', '--subdir', 'DAGS_FOLDER/iceberg_dag.py', '--cfg-path', '/tmp/tmpvg_c6_l8']
[2026-03-06T10:22:15.552+0000] {standard_task_runner.py:91} INFO - Job 2: Subtask bronze_ingest
[2026-03-06T10:22:16.236+0000] {task_command.py:426} INFO - Running <TaskInstance: ecommerce_iceberg_pipeline.bronze_ingest manual__2026-03-06T10:22:04.256924+00:00 [running]> on host 0b86c3ec65fe
[2026-03-06T10:22:17.152+0000] {taskinstance.py:2648} INFO - Exporting env vars: AIRFLOW_CTX_DAG_OWNER='data-engineering' AIRFLOW_CTX_DAG_ID='ecommerce_iceberg_pipeline' AIRFLOW_CTX_TASK_ID='bronze_ingest' AIRFLOW_CTX_EXECUTION_DATE='2026-03-06T10:22:04.256924+00:00' AIRFLOW_CTX_TRY_NUMBER='1' AIRFLOW_CTX_DAG_RUN_ID='manual__2026-03-06T10:22:04.256924+00:00'
[2026-03-06T10:22:17.157+0000] {taskinstance.py:430} INFO - ::endgroup::
[2026-03-06T10:22:17.360+0000] {docker.py:359} INFO - Starting docker container from image spark-iceberg:latest
[2026-03-06T10:22:27.529+0000] {docker.py:429} INFO - WARNING: Using incubator modules: jdk.incubator.vector
[2026-03-06T10:22:44.207+0000] {docker.py:429} INFO - :: loading settings :: url = jar:file:/opt/spark/jars/ivy-2.5.3.jar!/org/apache/ivy/core/settings/ivysettings.xml
[2026-03-06T10:22:44.455+0000] {docker.py:429} INFO - Ivy Default Cache set to: /opt/spark/.ivy2/cache
[2026-03-06T10:22:44.457+0000] {docker.py:429} INFO - The jars for the packages stored in: /opt/spark/.ivy2/jars
[2026-03-06T10:22:44.473+0000] {docker.py:429} INFO - org.apache.iceberg#iceberg-spark-runtime-4.0_2.13 added as a dependency
[2026-03-06T10:22:44.475+0000] {docker.py:429} INFO - org.apache.iceberg#iceberg-gcp added as a dependency
[2026-03-06T10:22:44.483+0000] {docker.py:429} INFO - com.google.api-client#google-api-client added as a dependency
com.google.http-client#google-http-client-gson added as a dependency
[2026-03-06T10:22:44.484+0000] {docker.py:429} INFO - com.google.oauth-client#google-oauth-client added as a dependency
:: resolving dependencies :: org.apache.spark#spark-submit-parent-565db172-f8bc-4e56-b3cf-873e4fcb596d;1.0
	confs: [default]
[2026-03-06T10:22:44.861+0000] {docker.py:429} INFO - found org.apache.iceberg#iceberg-spark-runtime-4.0_2.13;1.10.1 in central
[2026-03-06T10:22:44.937+0000] {docker.py:429} INFO - found org.apache.iceberg#iceberg-gcp;1.10.1 in central
[2026-03-06T10:22:44.999+0000] {docker.py:429} INFO - found org.apache.iceberg#iceberg-api;1.10.1 in central
[2026-03-06T10:22:45.078+0000] {docker.py:429} INFO - found org.slf4j#slf4j-api;2.0.17 in central
[2026-03-06T10:22:45.118+0000] {docker.py:429} INFO - found org.apache.iceberg#iceberg-bundled-guava;1.10.1 in central
[2026-03-06T10:22:45.174+0000] {docker.py:429} INFO - found org.apache.iceberg#iceberg-common;1.10.1 in central
[2026-03-06T10:22:45.318+0000] {docker.py:429} INFO - found org.apache.iceberg#iceberg-core;1.10.1 in central
[2026-03-06T10:22:45.485+0000] {docker.py:429} INFO - found org.apache.avro#avro;1.12.0 in central
[2026-03-06T10:22:45.611+0000] {docker.py:429} INFO - found com.fasterxml.jackson.core#jackson-core;2.19.2 in central
[2026-03-06T10:22:45.718+0000] {docker.py:429} INFO - found com.fasterxml.jackson.core#jackson-databind;2.19.2 in central
[2026-03-06T10:22:46.425+0000] {docker.py:429} INFO - found com.fasterxml.jackson.core#jackson-annotations;2.19.2 in central
[2026-03-06T10:22:46.777+0000] {docker.py:429} INFO - found org.apache.commons#commons-compress;1.26.2 in central
[2026-03-06T10:22:47.092+0000] {docker.py:429} INFO - found commons-codec#commons-codec;1.17.0 in central
[2026-03-06T10:22:46.625+0000] {docker.py:429} INFO - found commons-io#commons-io;2.16.1 in central
[2026-03-06T10:22:47.040+0000] {docker.py:429} INFO - found org.apache.commons#commons-lang3;3.15.0 in central
[2026-03-06T10:22:48.031+0000] {docker.py:429} INFO - found io.airlift#aircompressor;0.27 in central
[2026-03-06T10:22:48.243+0000] {docker.py:429} INFO - found org.apache.httpcomponents.client5#httpclient5;5.5 in central
[2026-03-06T10:22:49.503+0000] {docker.py:429} INFO - found org.apache.httpcomponents.core5#httpcore5;5.3.4 in central
[2026-03-06T10:22:50.432+0000] {docker.py:429} INFO - found org.apache.httpcomponents.core5#httpcore5-h2;5.3.4 in central
[2026-03-06T10:22:51.879+0000] {docker.py:429} INFO - found com.github.ben-manes.caffeine#caffeine;2.9.3 in central
[2026-03-06T10:22:52.038+0000] {docker.py:429} INFO - found org.checkerframework#checker-qual;3.19.0 in central
[2026-03-06T10:22:55.723+0000] {docker.py:429} INFO - found com.google.errorprone#error_prone_annotations;2.10.0 in central
[2026-03-06T10:22:55.832+0000] {docker.py:429} INFO - found org.roaringbitmap#RoaringBitmap;1.3.0 in central
[2026-03-06T10:22:55.947+0000] {docker.py:429} INFO - found com.google.api-client#google-api-client;2.2.0 in central
[2026-03-06T10:22:56.203+0000] {docker.py:429} INFO - found com.google.oauth-client#google-oauth-client;1.34.1 in central
[2026-03-06T10:22:56.354+0000] {docker.py:429} INFO - found com.google.http-client#google-http-client;1.42.3 in central
[2026-03-06T10:22:56.416+0000] {docker.py:429} INFO - found org.apache.httpcomponents#httpclient;4.5.14 in central
[2026-03-06T10:22:56.505+0000] {docker.py:429} INFO - found org.apache.httpcomponents#httpcore;4.4.16 in central
[2026-03-06T10:22:56.617+0000] {docker.py:429} INFO - found commons-logging#commons-logging;1.2 in central
[2026-03-06T10:22:56.705+0000] {docker.py:429} INFO - found com.google.code.findbugs#jsr305;3.0.2 in central
[2026-03-06T10:22:56.749+0000] {docker.py:429} INFO - found com.google.errorprone#error_prone_annotations;2.16 in central
[2026-03-06T10:22:56.858+0000] {docker.py:429} INFO - found com.google.guava#guava;31.1-jre in central
[2026-03-06T10:22:56.925+0000] {docker.py:429} INFO - found com.google.guava#failureaccess;1.0.1 in central
[2026-03-06T10:22:56.967+0000] {docker.py:429} INFO - found com.google.guava#listenablefuture;9999.0-empty-to-avoid-conflict-with-guava in central
[2026-03-06T10:22:57.045+0000] {docker.py:429} INFO - found com.google.j2objc#j2objc-annotations;1.3 in central
[2026-03-06T10:22:57.173+0000] {docker.py:429} INFO - found io.opencensus#opencensus-api;0.31.1 in central
[2026-03-06T10:22:57.425+0000] {docker.py:429} INFO - found io.grpc#grpc-context;1.27.2 in central
[2026-03-06T10:22:57.807+0000] {docker.py:429} INFO - found io.opencensus#opencensus-contrib-http-util;0.31.1 in central
[2026-03-06T10:22:58.093+0000] {docker.py:429} INFO - found com.google.http-client#google-http-client-gson;1.42.3 in central
[2026-03-06T10:22:58.217+0000] {docker.py:429} INFO - found com.google.code.gson#gson;2.10.1 in central
[2026-03-06T10:22:58.468+0000] {docker.py:429} INFO - found com.google.http-client#google-http-client-apache-v2;1.42.3 in central
[2026-03-06T10:22:59.180+0000] {docker.py:429} INFO - :: resolution report :: resolve 14218ms :: artifacts dl 475ms
	:: modules in use:
	com.fasterxml.jackson.core#jackson-annotations;2.19.2 from central in [default]
	com.fasterxml.jackson.core#jackson-core;2.19.2 from central in [default]
	com.fasterxml.jackson.core#jackson-databind;2.19.2 from central in [default]
	com.github.ben-manes.caffeine#caffeine;2.9.3 from central in [default]
	com.google.api-client#google-api-client;2.2.0 from central in [default]
	com.google.code.findbugs#jsr305;3.0.2 from central in [default]
[2026-03-06T10:22:59.184+0000] {docker.py:429} INFO - com.google.code.gson#gson;2.10.1 from central in [default]
[2026-03-06T10:22:59.185+0000] {docker.py:429} INFO - com.google.errorprone#error_prone_annotations;2.16 from central in [default]
[2026-03-06T10:22:59.188+0000] {docker.py:429} INFO - com.google.guava#failureaccess;1.0.1 from central in [default]
	com.google.guava#guava;31.1-jre from central in [default]
[2026-03-06T10:22:59.193+0000] {docker.py:429} INFO - com.google.guava#listenablefuture;9999.0-empty-to-avoid-conflict-with-guava from central in [default]
[2026-03-06T10:22:59.203+0000] {docker.py:429} INFO - com.google.http-client#google-http-client;1.42.3 from central in [default]
[2026-03-06T10:22:59.205+0000] {docker.py:429} INFO - com.google.http-client#google-http-client-apache-v2;1.42.3 from central in [default]
[2026-03-06T10:22:59.207+0000] {docker.py:429} INFO - com.google.http-client#google-http-client-gson;1.42.3 from central in [default]
[2026-03-06T10:22:59.219+0000] {docker.py:429} INFO - com.google.j2objc#j2objc-annotations;1.3 from central in [default]
[2026-03-06T10:22:59.223+0000] {docker.py:429} INFO - com.google.oauth-client#google-oauth-client;1.34.1 from central in [default]
[2026-03-06T10:22:59.225+0000] {docker.py:429} INFO - commons-codec#commons-codec;1.17.0 from central in [default]
[2026-03-06T10:22:59.232+0000] {docker.py:429} INFO - commons-io#commons-io;2.16.1 from central in [default]
[2026-03-06T10:22:59.233+0000] {docker.py:429} INFO - commons-logging#commons-logging;1.2 from central in [default]
	io.airlift#aircompressor;0.27 from central in [default]
	io.grpc#grpc-context;1.27.2 from central in [default]
	io.opencensus#opencensus-api;0.31.1 from central in [default]
	io.opencensus#opencensus-contrib-http-util;0.31.1 from central in [default]
	org.apache.avro#avro;1.12.0 from central in [default]
	org.apache.commons#commons-compress;1.26.2 from central in [default]
	org.apache.commons#commons-lang3;3.15.0 from central in [default]
	org.apache.httpcomponents#httpclient;4.5.14 from central in [default]
	org.apache.httpcomponents#httpcore;4.4.16 from central in [default]
	org.apache.httpcomponents.client5#httpclient5;5.5 from central in [default]
	org.apache.httpcomponents.core5#httpcore5;5.3.4 from central in [default]
[2026-03-06T10:22:59.236+0000] {docker.py:429} INFO - org.apache.httpcomponents.core5#httpcore5-h2;5.3.4 from central in [default]
[2026-03-06T10:22:59.243+0000] {docker.py:429} INFO - org.apache.iceberg#iceberg-api;1.10.1 from central in [default]
[2026-03-06T10:22:59.253+0000] {docker.py:429} INFO - org.apache.iceberg#iceberg-bundled-guava;1.10.1 from central in [default]
[2026-03-06T10:22:59.253+0000] {docker.py:429} INFO - org.apache.iceberg#iceberg-common;1.10.1 from central in [default]
[2026-03-06T10:22:59.254+0000] {docker.py:429} INFO - org.apache.iceberg#iceberg-core;1.10.1 from central in [default]
[2026-03-06T10:22:59.255+0000] {docker.py:429} INFO - org.apache.iceberg#iceberg-gcp;1.10.1 from central in [default]
[2026-03-06T10:22:59.258+0000] {docker.py:429} INFO - org.apache.iceberg#iceberg-spark-runtime-4.0_2.13;1.10.1 from central in [default]
[2026-03-06T10:22:59.262+0000] {docker.py:429} INFO - org.checkerframework#checker-qual;3.19.0 from central in [default]
[2026-03-06T10:22:59.268+0000] {docker.py:429} INFO - org.roaringbitmap#RoaringBitmap;1.3.0 from central in [default]
[2026-03-06T10:22:59.272+0000] {docker.py:429} INFO - org.slf4j#slf4j-api;2.0.17 from central in [default]
[2026-03-06T10:22:59.278+0000] {docker.py:429} INFO - :: evicted modules:
[2026-03-06T10:22:59.286+0000] {docker.py:429} INFO - org.slf4j#slf4j-api;2.0.13 by [org.slf4j#slf4j-api;2.0.17] in [default]
[2026-03-06T10:22:59.291+0000] {docker.py:429} INFO - org.slf4j#slf4j-api;1.7.36 by [org.slf4j#slf4j-api;2.0.17] in [default]
[2026-03-06T10:22:59.296+0000] {docker.py:429} INFO - com.google.errorprone#error_prone_annotations;2.10.0 by [com.google.errorprone#error_prone_annotations;2.16] in [default]
[2026-03-06T10:22:59.310+0000] {docker.py:429} INFO - commons-codec#commons-codec;1.15 by [commons-codec#commons-codec;1.17.0] in [default]
[2026-03-06T10:22:59.312+0000] {docker.py:429} INFO - org.checkerframework#checker-qual;3.12.0 by [org.checkerframework#checker-qual;3.19.0] in [default]
	com.google.http-client#google-http-client-gson;1.41.0 by [com.google.http-client#google-http-client-gson;1.42.3] in [default]
	---------------------------------------------------------------------
	|                  |            modules            ||   artifacts   |
	|       conf       | number| search|dwnlded|evicted|| number|dwnlded|
	---------------------------------------------------------------------
	|      default     |   46  |   0   |   0   |   6   ||   40  |   0   |
	---------------------------------------------------------------------
[2026-03-06T10:22:59.485+0000] {docker.py:429} INFO - :: retrieving :: org.apache.spark#spark-submit-parent-565db172-f8bc-4e56-b3cf-873e4fcb596d
[2026-03-06T10:22:59.486+0000] {docker.py:429} INFO - confs: [default]
[2026-03-06T10:22:59.821+0000] {docker.py:429} INFO - 0 artifacts copied, 40 already retrieved (0kB/331ms)
[2026-03-06T10:23:01.682+0000] {docker.py:429} INFO - 26/03/06 10:23:01 WARN NativeCodeLoader: Unable to load native-hadoop library for your platform... using builtin-java classes where applicable
[2026-03-06T10:23:02.861+0000] {docker.py:429} INFO - Using Spark's default log4j profile: org/apache/spark/log4j2-defaults.properties
[2026-03-06T10:23:02.862+0000] {docker.py:429} INFO - Setting default log level to "WARN".
To adjust logging level use sc.setLogLevel(newLevel). For SparkR, use setLogLevel(newLevel).
[2026-03-06T10:23:51.377+0000] {docker.py:429} INFO - [Stage 0:>                                                          (0 + 0) / 4]
[2026-03-06T10:23:51.951+0000] {docker.py:429} INFO - [Stage 0:>                                                          (0 + 4) / 4]
[2026-03-06T10:24:16.933+0000] {docker.py:429} INFO - [Stage 0:==============>                                            (1 + 3) / 4]
[2026-03-06T10:24:18.537+0000] {docker.py:429} INFO - [Stage 2:>                                                          (0 + 1) / 1]
[2026-03-06T10:24:31.534+0000] {docker.py:429} INFO - 
[2026-03-06T10:24:41.132+0000] {docker.py:429} INFO - [Stage 3:>                                                          (0 + 4) / 4]
[2026-03-06T10:24:43.286+0000] {docker.py:429} INFO - [Stage 3:============================================>              (3 + 1) / 4]
[2026-03-06T10:24:44.229+0000] {docker.py:429} INFO - 
[2026-03-06T10:24:49.627+0000] {docker.py:429} INFO - Fetching data from https://jsonplaceholder.typicode.com/posts ...
Fetched 100 records.
Written 100 rows to local_catalog.ecommerce.bronze_orders
[2026-03-06 10:24:49.397653] Table: local_catalog.ecommerce.bronze_orders | Snapshot ID: 6601404167431747928 | Committed At: 2026-03-06 10:24:35.110000
Snapshot ID: 6601404167431747928
[2026-03-06T10:25:01.988+0000] {taskinstance.py:441} INFO - ::group::Post task execution logs
[2026-03-06T10:25:03.593+0000] {taskinstance.py:1206} INFO - Marking task as SUCCESS. dag_id=ecommerce_iceberg_pipeline, task_id=bronze_ingest, run_id=manual__2026-03-06T10:22:04.256924+00:00, execution_date=20260306T102204, start_date=20260306T102215, end_date=20260306T102503
[2026-03-06T10:25:03.918+0000] {local_task_job_runner.py:243} INFO - Task exited with return code 0
[2026-03-06T10:25:04.826+0000] {taskinstance.py:3503} INFO - 0 downstream tasks scheduled from follow-on schedule check
[2026-03-06T10:25:04.854+0000] {local_task_job_runner.py:222} INFO - ::endgroup::
