[2026-03-06T10:52:32.501+0000] {local_task_job_runner.py:120} INFO - ::group::Pre task execution logs
[2026-03-06T10:52:32.598+0000] {taskinstance.py:2076} INFO - Dependencies all met for dep_context=non-requeueable deps ti=<TaskInstance: ecommerce_iceberg_pipeline.bronze_ingest manual__2026-03-06T10:52:19.253782+00:00 [queued]>
[2026-03-06T10:52:32.609+0000] {taskinstance.py:2076} INFO - Dependencies all met for dep_context=requeueable deps ti=<TaskInstance: ecommerce_iceberg_pipeline.bronze_ingest manual__2026-03-06T10:52:19.253782+00:00 [queued]>
[2026-03-06T10:52:32.610+0000] {taskinstance.py:2306} INFO - Starting attempt 1 of 3
[2026-03-06T10:52:32.631+0000] {taskinstance.py:2330} INFO - Executing <Task(DockerOperator): bronze_ingest> on 2026-03-06 10:52:19.253782+00:00
[2026-03-06T10:52:32.649+0000] {standard_task_runner.py:64} INFO - Started process 293 to run task
[2026-03-06T10:52:32.659+0000] {standard_task_runner.py:90} INFO - Running: ['***', 'tasks', 'run', 'ecommerce_iceberg_pipeline', 'bronze_ingest', 'manual__2026-03-06T10:52:19.253782+00:00', '--job-id', '8', '--raw', '--subdir', 'DAGS_FOLDER/iceberg_dag.py', '--cfg-path', '/tmp/tmpm1ugcx76']
[2026-03-06T10:52:32.690+0000] {standard_task_runner.py:91} INFO - Job 8: Subtask bronze_ingest
[2026-03-06T10:52:32.990+0000] {task_command.py:426} INFO - Running <TaskInstance: ecommerce_iceberg_pipeline.bronze_ingest manual__2026-03-06T10:52:19.253782+00:00 [running]> on host 7afefc26c634
[2026-03-06T10:52:33.514+0000] {taskinstance.py:2648} INFO - Exporting env vars: AIRFLOW_CTX_DAG_OWNER='data-engineering' AIRFLOW_CTX_DAG_ID='ecommerce_iceberg_pipeline' AIRFLOW_CTX_TASK_ID='bronze_ingest' AIRFLOW_CTX_EXECUTION_DATE='2026-03-06T10:52:19.253782+00:00' AIRFLOW_CTX_TRY_NUMBER='1' AIRFLOW_CTX_DAG_RUN_ID='manual__2026-03-06T10:52:19.253782+00:00'
[2026-03-06T10:52:33.515+0000] {taskinstance.py:430} INFO - ::endgroup::
[2026-03-06T10:52:33.742+0000] {docker.py:359} INFO - Starting docker container from image spark-iceberg:latest
[2026-03-06T10:52:40.613+0000] {docker.py:429} INFO - WARNING: Using incubator modules: jdk.incubator.vector
[2026-03-06T10:52:47.971+0000] {docker.py:429} INFO - :: loading settings :: url = jar:file:/opt/spark/jars/ivy-2.5.3.jar!/org/apache/ivy/core/settings/ivysettings.xml
[2026-03-06T10:52:48.223+0000] {docker.py:429} INFO - Ivy Default Cache set to: /opt/spark/.ivy2/cache
The jars for the packages stored in: /opt/spark/.ivy2/jars
[2026-03-06T10:52:48.247+0000] {docker.py:429} INFO - org.apache.iceberg#iceberg-spark-runtime-4.0_2.13 added as a dependency
[2026-03-06T10:52:48.249+0000] {docker.py:429} INFO - org.apache.iceberg#iceberg-gcp added as a dependency
com.google.api-client#google-api-client added as a dependency
com.google.http-client#google-http-client-gson added as a dependency
com.google.oauth-client#google-oauth-client added as a dependency
[2026-03-06T10:52:48.253+0000] {docker.py:429} INFO - :: resolving dependencies :: org.apache.spark#spark-submit-parent-dfeecce5-aa64-4f59-8935-14ad920d9290;1.0
[2026-03-06T10:52:48.254+0000] {docker.py:429} INFO - confs: [default]
[2026-03-06T10:52:48.537+0000] {docker.py:429} INFO - found org.apache.iceberg#iceberg-spark-runtime-4.0_2.13;1.10.1 in central
[2026-03-06T10:52:48.583+0000] {docker.py:429} INFO - found org.apache.iceberg#iceberg-gcp;1.10.1 in central
[2026-03-06T10:52:48.636+0000] {docker.py:429} INFO - found org.apache.iceberg#iceberg-api;1.10.1 in central
[2026-03-06T10:52:48.697+0000] {docker.py:429} INFO - found org.slf4j#slf4j-api;2.0.17 in central
[2026-03-06T10:52:48.747+0000] {docker.py:429} INFO - found org.apache.iceberg#iceberg-bundled-guava;1.10.1 in central
[2026-03-06T10:52:48.791+0000] {docker.py:429} INFO - found org.apache.iceberg#iceberg-common;1.10.1 in central
[2026-03-06T10:52:48.857+0000] {docker.py:429} INFO - found org.apache.iceberg#iceberg-core;1.10.1 in central
[2026-03-06T10:52:48.920+0000] {docker.py:429} INFO - found org.apache.avro#avro;1.12.0 in central
[2026-03-06T10:52:48.980+0000] {docker.py:429} INFO - found com.fasterxml.jackson.core#jackson-core;2.19.2 in central
[2026-03-06T10:52:49.047+0000] {docker.py:429} INFO - found com.fasterxml.jackson.core#jackson-databind;2.19.2 in central
[2026-03-06T10:52:49.171+0000] {docker.py:429} INFO - found com.fasterxml.jackson.core#jackson-annotations;2.19.2 in central
[2026-03-06T10:52:49.324+0000] {docker.py:429} INFO - found org.apache.commons#commons-compress;1.26.2 in central
[2026-03-06T10:52:49.458+0000] {docker.py:429} INFO - found commons-codec#commons-codec;1.17.0 in central
[2026-03-06T10:52:49.564+0000] {docker.py:429} INFO - found commons-io#commons-io;2.16.1 in central
[2026-03-06T10:52:49.847+0000] {docker.py:429} INFO - found org.apache.commons#commons-lang3;3.15.0 in central
[2026-03-06T10:52:50.143+0000] {docker.py:429} INFO - found io.airlift#aircompressor;0.27 in central
[2026-03-06T10:52:50.271+0000] {docker.py:429} INFO - found org.apache.httpcomponents.client5#httpclient5;5.5 in central
[2026-03-06T10:52:50.416+0000] {docker.py:429} INFO - found org.apache.httpcomponents.core5#httpcore5;5.3.4 in central
[2026-03-06T10:52:50.561+0000] {docker.py:429} INFO - found org.apache.httpcomponents.core5#httpcore5-h2;5.3.4 in central
[2026-03-06T10:52:50.867+0000] {docker.py:429} INFO - found com.github.ben-manes.caffeine#caffeine;2.9.3 in central
[2026-03-06T10:52:51.192+0000] {docker.py:429} INFO - found org.checkerframework#checker-qual;3.19.0 in central
[2026-03-06T10:52:51.494+0000] {docker.py:429} INFO - found com.google.errorprone#error_prone_annotations;2.10.0 in central
[2026-03-06T10:52:51.753+0000] {docker.py:429} INFO - found org.roaringbitmap#RoaringBitmap;1.3.0 in central
[2026-03-06T10:52:52.202+0000] {docker.py:429} INFO - found com.google.api-client#google-api-client;2.2.0 in central
[2026-03-06T10:52:52.429+0000] {docker.py:429} INFO - found com.google.oauth-client#google-oauth-client;1.34.1 in central
[2026-03-06T10:52:52.494+0000] {docker.py:429} INFO - found com.google.http-client#google-http-client;1.42.3 in central
[2026-03-06T10:52:52.547+0000] {docker.py:429} INFO - found org.apache.httpcomponents#httpclient;4.5.14 in central
[2026-03-06T10:52:52.609+0000] {docker.py:429} INFO - found org.apache.httpcomponents#httpcore;4.4.16 in central
[2026-03-06T10:52:52.653+0000] {docker.py:429} INFO - found commons-logging#commons-logging;1.2 in central
[2026-03-06T10:52:52.730+0000] {docker.py:429} INFO - found com.google.code.findbugs#jsr305;3.0.2 in central
[2026-03-06T10:52:52.763+0000] {docker.py:429} INFO - found com.google.errorprone#error_prone_annotations;2.16 in central
[2026-03-06T10:52:52.827+0000] {docker.py:429} INFO - found com.google.guava#guava;31.1-jre in central
[2026-03-06T10:52:52.899+0000] {docker.py:429} INFO - found com.google.guava#failureaccess;1.0.1 in central
[2026-03-06T10:52:52.933+0000] {docker.py:429} INFO - found com.google.guava#listenablefuture;9999.0-empty-to-avoid-conflict-with-guava in central
[2026-03-06T10:52:53.115+0000] {docker.py:429} INFO - found com.google.j2objc#j2objc-annotations;1.3 in central
[2026-03-06T10:52:53.490+0000] {docker.py:429} INFO - found io.opencensus#opencensus-api;0.31.1 in central
[2026-03-06T10:52:53.807+0000] {docker.py:429} INFO - found io.grpc#grpc-context;1.27.2 in central
[2026-03-06T10:52:54.216+0000] {docker.py:429} INFO - found io.opencensus#opencensus-contrib-http-util;0.31.1 in central
[2026-03-06T10:52:54.656+0000] {docker.py:429} INFO - found com.google.http-client#google-http-client-gson;1.42.3 in central
[2026-03-06T10:52:54.762+0000] {docker.py:429} INFO - found com.google.code.gson#gson;2.10.1 in central
[2026-03-06T10:52:54.830+0000] {docker.py:429} INFO - found com.google.http-client#google-http-client-apache-v2;1.42.3 in central
[2026-03-06T10:52:55.340+0000] {docker.py:429} INFO - :: resolution report :: resolve 6755ms :: artifacts dl 320ms
	:: modules in use:
[2026-03-06T10:52:55.367+0000] {docker.py:429} INFO - com.fasterxml.jackson.core#jackson-annotations;2.19.2 from central in [default]
	com.fasterxml.jackson.core#jackson-core;2.19.2 from central in [default]
	com.fasterxml.jackson.core#jackson-databind;2.19.2 from central in [default]
	com.github.ben-manes.caffeine#caffeine;2.9.3 from central in [default]
	com.google.api-client#google-api-client;2.2.0 from central in [default]
	com.google.code.findbugs#jsr305;3.0.2 from central in [default]
	com.google.code.gson#gson;2.10.1 from central in [default]
	com.google.errorprone#error_prone_annotations;2.16 from central in [default]
	com.google.guava#failureaccess;1.0.1 from central in [default]
	com.google.guava#guava;31.1-jre from central in [default]
	com.google.guava#listenablefuture;9999.0-empty-to-avoid-conflict-with-guava from central in [default]
	com.google.http-client#google-http-client;1.42.3 from central in [default]
	com.google.http-client#google-http-client-apache-v2;1.42.3 from central in [default]
	com.google.http-client#google-http-client-gson;1.42.3 from central in [default]
	com.google.j2objc#j2objc-annotations;1.3 from central in [default]
	com.google.oauth-client#google-oauth-client;1.34.1 from central in [default]
	commons-codec#commons-codec;1.17.0 from central in [default]
	commons-io#commons-io;2.16.1 from central in [default]
	commons-logging#commons-logging;1.2 from central in [default]
	io.airlift#aircompressor;0.27 from central in [default]
	io.grpc#grpc-context;1.27.2 from central in [default]
	io.opencensus#opencensus-api;0.31.1 from central in [default]
	io.opencensus#opencensus-contrib-http-util;0.31.1 from central in [default]
	org.apache.avro#avro;1.12.0 from central in [default]
	org.apache.commons#commons-compress;1.26.2 from central in [default]
	org.apache.commons#commons-lang3;3.15.0 from central in [default]
	org.apache.httpcomponents#httpclient;4.5.14 from central in [default]
	org.apache.httpcomponents#httpcore;4.4.16 from central in [default]
	org.apache.httpcomponents.client5#httpclient5;5.5 from central in [default]
	org.apache.httpcomponents.core5#httpcore5;5.3.4 from central in [default]
	org.apache.httpcomponents.core5#httpcore5-h2;5.3.4 from central in [default]
	org.apache.iceberg#iceberg-api;1.10.1 from central in [default]
	org.apache.iceberg#iceberg-bundled-guava;1.10.1 from central in [default]
	org.apache.iceberg#iceberg-common;1.10.1 from central in [default]
	org.apache.iceberg#iceberg-core;1.10.1 from central in [default]
	org.apache.iceberg#iceberg-gcp;1.10.1 from central in [default]
	org.apache.iceberg#iceberg-spark-runtime-4.0_2.13;1.10.1 from central in [default]
	org.checkerframework#checker-qual;3.19.0 from central in [default]
	org.roaringbitmap#RoaringBitmap;1.3.0 from central in [default]
	org.slf4j#slf4j-api;2.0.17 from central in [default]
	:: evicted modules:
	org.slf4j#slf4j-api;2.0.13 by [org.slf4j#slf4j-api;2.0.17] in [default]
	org.slf4j#slf4j-api;1.7.36 by [org.slf4j#slf4j-api;2.0.17] in [default]
	com.google.errorprone#error_prone_annotations;2.10.0 by [com.google.errorprone#error_prone_annotations;2.16] in [default]
	commons-codec#commons-codec;1.15 by [commons-codec#commons-codec;1.17.0] in [default]
	org.checkerframework#checker-qual;3.12.0 by [org.checkerframework#checker-qual;3.19.0] in [default]
	com.google.http-client#google-http-client-gson;1.41.0 by [com.google.http-client#google-http-client-gson;1.42.3] in [default]
	---------------------------------------------------------------------
	|                  |            modules            ||   artifacts   |
	|       conf       | number| search|dwnlded|evicted|| number|dwnlded|
	---------------------------------------------------------------------
[2026-03-06T10:52:55.390+0000] {docker.py:429} INFO - |      default     |   46  |   0   |   0   |   6   ||   40  |   0   |
	---------------------------------------------------------------------
[2026-03-06T10:52:55.405+0000] {docker.py:429} INFO - :: retrieving :: org.apache.spark#spark-submit-parent-dfeecce5-aa64-4f59-8935-14ad920d9290
	confs: [default]
[2026-03-06T10:52:55.526+0000] {docker.py:429} INFO - 0 artifacts copied, 40 already retrieved (0kB/131ms)
[2026-03-06T10:52:56.277+0000] {docker.py:429} INFO - 26/03/06 10:52:56 WARN NativeCodeLoader: Unable to load native-hadoop library for your platform... using builtin-java classes where applicable
[2026-03-06T10:52:57.028+0000] {docker.py:429} INFO - Using Spark's default log4j profile: org/apache/spark/log4j2-defaults.properties
[2026-03-06T10:52:57.031+0000] {docker.py:429} INFO - Setting default log level to "WARN".
To adjust logging level use sc.setLogLevel(newLevel). For SparkR, use setLogLevel(newLevel).
[2026-03-06T10:53:20.414+0000] {docker.py:429} INFO - [Stage 0:>                                                          (0 + 4) / 4]
[2026-03-06T10:53:25.387+0000] {docker.py:429} INFO - [Stage 2:>                                                          (0 + 1) / 1]
[2026-03-06T10:53:26.929+0000] {docker.py:429} INFO - 
[2026-03-06T10:53:28.594+0000] {docker.py:429} INFO - [Stage 3:>                                                          (0 + 4) / 4]
[2026-03-06T10:53:28.789+0000] {docker.py:429} INFO - [Stage 3:===========================================================(4 + 0) / 4]
[2026-03-06T10:53:29.212+0000] {docker.py:429} INFO - 
[2026-03-06T10:53:30.182+0000] {docker.py:429} INFO - Fetching data from https://jsonplaceholder.typicode.com/posts ...
Fetched 100 records.
Written 100 rows to local_catalog.ecommerce.bronze_orders
[2026-03-06 10:53:30.175539] Table: local_catalog.ecommerce.bronze_orders | Snapshot ID: 89137984229016852 | Committed At: 2026-03-06 10:53:27.536000
Snapshot ID: 89137984229016852
[2026-03-06T10:53:30.982+0000] {taskinstance.py:441} INFO - ::group::Post task execution logs
[2026-03-06T10:53:31.171+0000] {taskinstance.py:1206} INFO - Marking task as SUCCESS. dag_id=ecommerce_iceberg_pipeline, task_id=bronze_ingest, run_id=manual__2026-03-06T10:52:19.253782+00:00, execution_date=20260306T105219, start_date=20260306T105232, end_date=20260306T105331
[2026-03-06T10:53:31.252+0000] {local_task_job_runner.py:243} INFO - Task exited with return code 0
[2026-03-06T10:53:31.344+0000] {taskinstance.py:3503} INFO - 1 downstream tasks scheduled from follow-on schedule check
[2026-03-06T10:53:31.351+0000] {local_task_job_runner.py:222} INFO - ::endgroup::
