[2026-03-06T10:54:08.773+0000] {local_task_job_runner.py:120} INFO - ::group::Pre task execution logs
[2026-03-06T10:54:08.808+0000] {taskinstance.py:2076} INFO - Dependencies all met for dep_context=non-requeueable deps ti=<TaskInstance: ecommerce_iceberg_pipeline.gold_load manual__2026-03-06T10:52:19.253782+00:00 [queued]>
[2026-03-06T10:54:08.818+0000] {taskinstance.py:2076} INFO - Dependencies all met for dep_context=requeueable deps ti=<TaskInstance: ecommerce_iceberg_pipeline.gold_load manual__2026-03-06T10:52:19.253782+00:00 [queued]>
[2026-03-06T10:54:08.819+0000] {taskinstance.py:2306} INFO - Starting attempt 1 of 3
[2026-03-06T10:54:08.842+0000] {taskinstance.py:2330} INFO - Executing <Task(DockerOperator): gold_load> on 2026-03-06 10:52:19.253782+00:00
[2026-03-06T10:54:08.852+0000] {standard_task_runner.py:64} INFO - Started process 312 to run task
[2026-03-06T10:54:08.857+0000] {standard_task_runner.py:90} INFO - Running: ['***', 'tasks', 'run', 'ecommerce_iceberg_pipeline', 'gold_load', 'manual__2026-03-06T10:52:19.253782+00:00', '--job-id', '10', '--raw', '--subdir', 'DAGS_FOLDER/iceberg_dag.py', '--cfg-path', '/tmp/tmptqjytzhf']
[2026-03-06T10:54:08.862+0000] {standard_task_runner.py:91} INFO - Job 10: Subtask gold_load
[2026-03-06T10:54:08.963+0000] {task_command.py:426} INFO - Running <TaskInstance: ecommerce_iceberg_pipeline.gold_load manual__2026-03-06T10:52:19.253782+00:00 [running]> on host 7afefc26c634
[2026-03-06T10:54:09.126+0000] {taskinstance.py:2648} INFO - Exporting env vars: AIRFLOW_CTX_DAG_OWNER='data-engineering' AIRFLOW_CTX_DAG_ID='ecommerce_iceberg_pipeline' AIRFLOW_CTX_TASK_ID='gold_load' AIRFLOW_CTX_EXECUTION_DATE='2026-03-06T10:52:19.253782+00:00' AIRFLOW_CTX_TRY_NUMBER='1' AIRFLOW_CTX_DAG_RUN_ID='manual__2026-03-06T10:52:19.253782+00:00'
[2026-03-06T10:54:09.127+0000] {taskinstance.py:430} INFO - ::endgroup::
[2026-03-06T10:54:09.206+0000] {docker.py:359} INFO - Starting docker container from image spark-iceberg:latest
[2026-03-06T10:54:11.092+0000] {docker.py:429} INFO - WARNING: Using incubator modules: jdk.incubator.vector
[2026-03-06T10:54:11.954+0000] {docker.py:429} INFO - :: loading settings :: url = jar:file:/opt/spark/jars/ivy-2.5.3.jar!/org/apache/ivy/core/settings/ivysettings.xml
[2026-03-06T10:54:12.067+0000] {docker.py:429} INFO - Ivy Default Cache set to: /opt/spark/.ivy2/cache
[2026-03-06T10:54:12.070+0000] {docker.py:429} INFO - The jars for the packages stored in: /opt/spark/.ivy2/jars
[2026-03-06T10:54:12.087+0000] {docker.py:429} INFO - org.apache.iceberg#iceberg-spark-runtime-4.0_2.13 added as a dependency
org.apache.iceberg#iceberg-gcp added as a dependency
[2026-03-06T10:54:12.091+0000] {docker.py:429} INFO - com.google.api-client#google-api-client added as a dependency
com.google.http-client#google-http-client-gson added as a dependency
com.google.oauth-client#google-oauth-client added as a dependency
[2026-03-06T10:54:12.095+0000] {docker.py:429} INFO - :: resolving dependencies :: org.apache.spark#spark-submit-parent-404c1aa6-8087-46b8-8f59-3a6d0db57cdd;1.0
	confs: [default]
[2026-03-06T10:54:12.307+0000] {docker.py:429} INFO - found org.apache.iceberg#iceberg-spark-runtime-4.0_2.13;1.10.1 in central
[2026-03-06T10:54:12.343+0000] {docker.py:429} INFO - found org.apache.iceberg#iceberg-gcp;1.10.1 in central
[2026-03-06T10:54:12.391+0000] {docker.py:429} INFO - found org.apache.iceberg#iceberg-api;1.10.1 in central
[2026-03-06T10:54:12.444+0000] {docker.py:429} INFO - found org.slf4j#slf4j-api;2.0.17 in central
[2026-03-06T10:54:12.491+0000] {docker.py:429} INFO - found org.apache.iceberg#iceberg-bundled-guava;1.10.1 in central
[2026-03-06T10:54:12.543+0000] {docker.py:429} INFO - found org.apache.iceberg#iceberg-common;1.10.1 in central
[2026-03-06T10:54:12.647+0000] {docker.py:429} INFO - found org.apache.iceberg#iceberg-core;1.10.1 in central
[2026-03-06T10:54:12.878+0000] {docker.py:429} INFO - found org.apache.avro#avro;1.12.0 in central
[2026-03-06T10:54:13.087+0000] {docker.py:429} INFO - found com.fasterxml.jackson.core#jackson-core;2.19.2 in central
[2026-03-06T10:54:13.211+0000] {docker.py:429} INFO - found com.fasterxml.jackson.core#jackson-databind;2.19.2 in central
[2026-03-06T10:54:13.365+0000] {docker.py:429} INFO - found com.fasterxml.jackson.core#jackson-annotations;2.19.2 in central
[2026-03-06T10:54:13.635+0000] {docker.py:429} INFO - found org.apache.commons#commons-compress;1.26.2 in central
[2026-03-06T10:54:13.771+0000] {docker.py:429} INFO - found commons-codec#commons-codec;1.17.0 in central
[2026-03-06T10:54:13.856+0000] {docker.py:429} INFO - found commons-io#commons-io;2.16.1 in central
[2026-03-06T10:54:13.922+0000] {docker.py:429} INFO - found org.apache.commons#commons-lang3;3.15.0 in central
[2026-03-06T10:54:14.037+0000] {docker.py:429} INFO - found io.airlift#aircompressor;0.27 in central
[2026-03-06T10:54:14.120+0000] {docker.py:429} INFO - found org.apache.httpcomponents.client5#httpclient5;5.5 in central
[2026-03-06T10:54:14.166+0000] {docker.py:429} INFO - found org.apache.httpcomponents.core5#httpcore5;5.3.4 in central
[2026-03-06T10:54:14.230+0000] {docker.py:429} INFO - found org.apache.httpcomponents.core5#httpcore5-h2;5.3.4 in central
[2026-03-06T10:54:14.321+0000] {docker.py:429} INFO - found com.github.ben-manes.caffeine#caffeine;2.9.3 in central
[2026-03-06T10:54:14.402+0000] {docker.py:429} INFO - found org.checkerframework#checker-qual;3.19.0 in central
[2026-03-06T10:54:14.423+0000] {docker.py:429} INFO - found com.google.errorprone#error_prone_annotations;2.10.0 in central
[2026-03-06T10:54:14.449+0000] {docker.py:429} INFO - found org.roaringbitmap#RoaringBitmap;1.3.0 in central
[2026-03-06T10:54:14.470+0000] {docker.py:429} INFO - found com.google.api-client#google-api-client;2.2.0 in central
[2026-03-06T10:54:14.502+0000] {docker.py:429} INFO - found com.google.oauth-client#google-oauth-client;1.34.1 in central
[2026-03-06T10:54:14.553+0000] {docker.py:429} INFO - found com.google.http-client#google-http-client;1.42.3 in central
[2026-03-06T10:54:14.587+0000] {docker.py:429} INFO - found org.apache.httpcomponents#httpclient;4.5.14 in central
[2026-03-06T10:54:14.614+0000] {docker.py:429} INFO - found org.apache.httpcomponents#httpcore;4.4.16 in central
[2026-03-06T10:54:14.682+0000] {docker.py:429} INFO - found commons-logging#commons-logging;1.2 in central
[2026-03-06T10:54:14.755+0000] {docker.py:429} INFO - found com.google.code.findbugs#jsr305;3.0.2 in central
[2026-03-06T10:54:14.854+0000] {docker.py:429} INFO - found com.google.errorprone#error_prone_annotations;2.16 in central
[2026-03-06T10:54:14.904+0000] {docker.py:429} INFO - found com.google.guava#guava;31.1-jre in central
[2026-03-06T10:54:14.970+0000] {docker.py:429} INFO - found com.google.guava#failureaccess;1.0.1 in central
[2026-03-06T10:54:15.097+0000] {docker.py:429} INFO - found com.google.guava#listenablefuture;9999.0-empty-to-avoid-conflict-with-guava in central
[2026-03-06T10:54:15.250+0000] {docker.py:429} INFO - found com.google.j2objc#j2objc-annotations;1.3 in central
[2026-03-06T10:54:15.424+0000] {docker.py:429} INFO - found io.opencensus#opencensus-api;0.31.1 in central
[2026-03-06T10:54:15.466+0000] {docker.py:429} INFO - found io.grpc#grpc-context;1.27.2 in central
[2026-03-06T10:54:15.532+0000] {docker.py:429} INFO - found io.opencensus#opencensus-contrib-http-util;0.31.1 in central
[2026-03-06T10:54:15.571+0000] {docker.py:429} INFO - found com.google.http-client#google-http-client-gson;1.42.3 in central
[2026-03-06T10:54:15.610+0000] {docker.py:429} INFO - found com.google.code.gson#gson;2.10.1 in central
[2026-03-06T10:54:15.661+0000] {docker.py:429} INFO - found com.google.http-client#google-http-client-apache-v2;1.42.3 in central
[2026-03-06T10:54:15.879+0000] {docker.py:429} INFO - :: resolution report :: resolve 3618ms :: artifacts dl 174ms
	:: modules in use:
[2026-03-06T10:54:15.898+0000] {docker.py:429} INFO - com.fasterxml.jackson.core#jackson-annotations;2.19.2 from central in [default]
	com.fasterxml.jackson.core#jackson-core;2.19.2 from central in [default]
	com.fasterxml.jackson.core#jackson-databind;2.19.2 from central in [default]
	com.github.ben-manes.caffeine#caffeine;2.9.3 from central in [default]
	com.google.api-client#google-api-client;2.2.0 from central in [default]
	com.google.code.findbugs#jsr305;3.0.2 from central in [default]
	com.google.code.gson#gson;2.10.1 from central in [default]
	com.google.errorprone#error_prone_annotations;2.16 from central in [default]
	com.google.guava#failureaccess;1.0.1 from central in [default]
	com.google.guava#guava;31.1-jre from central in [default]
	com.google.guava#listenablefuture;9999.0-empty-to-avoid-conflict-with-guava from central in [default]
	com.google.http-client#google-http-client;1.42.3 from central in [default]
	com.google.http-client#google-http-client-apache-v2;1.42.3 from central in [default]
	com.google.http-client#google-http-client-gson;1.42.3 from central in [default]
	com.google.j2objc#j2objc-annotations;1.3 from central in [default]
	com.google.oauth-client#google-oauth-client;1.34.1 from central in [default]
	commons-codec#commons-codec;1.17.0 from central in [default]
	commons-io#commons-io;2.16.1 from central in [default]
[2026-03-06T10:54:15.902+0000] {docker.py:429} INFO - commons-logging#commons-logging;1.2 from central in [default]
	io.airlift#aircompressor;0.27 from central in [default]
	io.grpc#grpc-context;1.27.2 from central in [default]
	io.opencensus#opencensus-api;0.31.1 from central in [default]
	io.opencensus#opencensus-contrib-http-util;0.31.1 from central in [default]
	org.apache.avro#avro;1.12.0 from central in [default]
	org.apache.commons#commons-compress;1.26.2 from central in [default]
	org.apache.commons#commons-lang3;3.15.0 from central in [default]
	org.apache.httpcomponents#httpclient;4.5.14 from central in [default]
	org.apache.httpcomponents#httpcore;4.4.16 from central in [default]
	org.apache.httpcomponents.client5#httpclient5;5.5 from central in [default]
	org.apache.httpcomponents.core5#httpcore5;5.3.4 from central in [default]
[2026-03-06T10:54:15.911+0000] {docker.py:429} INFO - org.apache.httpcomponents.core5#httpcore5-h2;5.3.4 from central in [default]
	org.apache.iceberg#iceberg-api;1.10.1 from central in [default]
[2026-03-06T10:54:15.914+0000] {docker.py:429} INFO - org.apache.iceberg#iceberg-bundled-guava;1.10.1 from central in [default]
	org.apache.iceberg#iceberg-common;1.10.1 from central in [default]
[2026-03-06T10:54:15.916+0000] {docker.py:429} INFO - org.apache.iceberg#iceberg-core;1.10.1 from central in [default]
	org.apache.iceberg#iceberg-gcp;1.10.1 from central in [default]
	org.apache.iceberg#iceberg-spark-runtime-4.0_2.13;1.10.1 from central in [default]
	org.checkerframework#checker-qual;3.19.0 from central in [default]
	org.roaringbitmap#RoaringBitmap;1.3.0 from central in [default]
	org.slf4j#slf4j-api;2.0.17 from central in [default]
[2026-03-06T10:54:15.918+0000] {docker.py:429} INFO - :: evicted modules:
	org.slf4j#slf4j-api;2.0.13 by [org.slf4j#slf4j-api;2.0.17] in [default]
	org.slf4j#slf4j-api;1.7.36 by [org.slf4j#slf4j-api;2.0.17] in [default]
	com.google.errorprone#error_prone_annotations;2.10.0 by [com.google.errorprone#error_prone_annotations;2.16] in [default]
	commons-codec#commons-codec;1.15 by [commons-codec#commons-codec;1.17.0] in [default]
	org.checkerframework#checker-qual;3.12.0 by [org.checkerframework#checker-qual;3.19.0] in [default]
	com.google.http-client#google-http-client-gson;1.41.0 by [com.google.http-client#google-http-client-gson;1.42.3] in [default]
	---------------------------------------------------------------------
	|                  |            modules            ||   artifacts   |
	|       conf       | number| search|dwnlded|evicted|| number|dwnlded|
	---------------------------------------------------------------------
[2026-03-06T10:54:15.923+0000] {docker.py:429} INFO - |      default     |   46  |   0   |   0   |   6   ||   40  |   0   |
[2026-03-06T10:54:15.925+0000] {docker.py:429} INFO - ---------------------------------------------------------------------
[2026-03-06T10:54:15.939+0000] {docker.py:429} INFO - :: retrieving :: org.apache.spark#spark-submit-parent-404c1aa6-8087-46b8-8f59-3a6d0db57cdd
[2026-03-06T10:54:15.940+0000] {docker.py:429} INFO - confs: [default]
[2026-03-06T10:54:15.975+0000] {docker.py:429} INFO - 0 artifacts copied, 40 already retrieved (0kB/37ms)
[2026-03-06T10:54:16.405+0000] {docker.py:429} INFO - 26/03/06 10:54:16 WARN NativeCodeLoader: Unable to load native-hadoop library for your platform... using builtin-java classes where applicable
[2026-03-06T10:54:16.801+0000] {docker.py:429} INFO - Using Spark's default log4j profile: org/apache/spark/log4j2-defaults.properties
[2026-03-06T10:54:16.802+0000] {docker.py:429} INFO - Setting default log level to "
[2026-03-06T10:54:16.805+0000] {docker.py:429} INFO - WARN".
To adjust logging level use sc.setLogLevel(newLevel). For SparkR, use setLogLevel(newLevel).
[2026-03-06T10:54:35.918+0000] {docker.py:429} INFO - [Stage 0:>                                                          (0 + 1) / 1]
[2026-03-06T10:54:39.651+0000] {docker.py:429} INFO - [Stage 2:>                                                          (0 + 1) / 1]
[2026-03-06T10:54:40.470+0000] {docker.py:429} INFO - 
[2026-03-06T10:54:40.697+0000] {docker.py:429} INFO - Loading gold layer (ENV=dev) from local_catalog.ecommerce.silver_orders ...
Dev environment — skipping BigQuery load. Sample output:
+-----------+---------+------------+
|ingest_date|row_count|unique_users|
+-----------+---------+------------+
| 2026-03-06|      700|          10|
+-----------+---------+------------+

[2026-03-06 10:54:40.692675] Table: local_catalog.ecommerce.silver_orders | Snapshot ID: 8818065461515110173 | Committed At: 2026-03-06 10:54:04.349000
Gold snapshot ID: 8818065461515110173
[2026-03-06T10:54:41.986+0000] {taskinstance.py:441} INFO - ::group::Post task execution logs
[2026-03-06T10:54:42.105+0000] {taskinstance.py:1206} INFO - Marking task as SUCCESS. dag_id=ecommerce_iceberg_pipeline, task_id=gold_load, run_id=manual__2026-03-06T10:52:19.253782+00:00, execution_date=20260306T105219, start_date=20260306T105408, end_date=20260306T105442
[2026-03-06T10:54:42.210+0000] {local_task_job_runner.py:243} INFO - Task exited with return code 0
[2026-03-06T10:54:42.264+0000] {taskinstance.py:3503} INFO - 0 downstream tasks scheduled from follow-on schedule check
[2026-03-06T10:54:42.267+0000] {local_task_job_runner.py:222} INFO - ::endgroup::
